Archive member included to satisfy reference by file (symbol)

c:/st/stm32cubeide_1.10.1/stm32cubeide/plugins/com.st.stm32cube.ide.mcu.externaltools.gnu-tools-for-stm32.10.3-2021.10.win32_1.0.100.202210260954/tools/bin/../lib/gcc/arm-none-eabi/10.3.1/../../../../arm-none-eabi/lib/thumb/v7e-m+fp/hard\libc_nano.a(lib_a-errno.o)
                              ./Core/Src/syscalls.o (__errno)
c:/st/stm32cubeide_1.10.1/stm32cubeide/plugins/com.st.stm32cube.ide.mcu.externaltools.gnu-tools-for-stm32.10.3-2021.10.win32_1.0.100.202210260954/tools/bin/../lib/gcc/arm-none-eabi/10.3.1/../../../../arm-none-eabi/lib/thumb/v7e-m+fp/hard\libc_nano.a(lib_a-exit.o)
                              c:/st/stm32cubeide_1.10.1/stm32cubeide/plugins/com.st.stm32cube.ide.mcu.externaltools.gnu-tools-for-stm32.10.3-2021.10.win32_1.0.100.202210260954/tools/bin/../lib/gcc/arm-none-eabi/10.3.1/../../../../arm-none-eabi/lib/thumb/v7e-m+fp/hard/crt0.o (exit)
c:/st/stm32cubeide_1.10.1/stm32cubeide/plugins/com.st.stm32cube.ide.mcu.externaltools.gnu-tools-for-stm32.10.3-2021.10.win32_1.0.100.202210260954/tools/bin/../lib/gcc/arm-none-eabi/10.3.1/../../../../arm-none-eabi/lib/thumb/v7e-m+fp/hard\libc_nano.a(lib_a-impure.o)
                              c:/st/stm32cubeide_1.10.1/stm32cubeide/plugins/com.st.stm32cube.ide.mcu.externaltools.gnu-tools-for-stm32.10.3-2021.10.win32_1.0.100.202210260954/tools/bin/../lib/gcc/arm-none-eabi/10.3.1/../../../../arm-none-eabi/lib/thumb/v7e-m+fp/hard\libc_nano.a(lib_a-exit.o) (_global_impure_ptr)
c:/st/stm32cubeide_1.10.1/stm32cubeide/plugins/com.st.stm32cube.ide.mcu.externaltools.gnu-tools-for-stm32.10.3-2021.10.win32_1.0.100.202210260954/tools/bin/../lib/gcc/arm-none-eabi/10.3.1/../../../../arm-none-eabi/lib/thumb/v7e-m+fp/hard\libc_nano.a(lib_a-init.o)
                              c:/st/stm32cubeide_1.10.1/stm32cubeide/plugins/com.st.stm32cube.ide.mcu.externaltools.gnu-tools-for-stm32.10.3-2021.10.win32_1.0.100.202210260954/tools/bin/../lib/gcc/arm-none-eabi/10.3.1/../../../../arm-none-eabi/lib/thumb/v7e-m+fp/hard/crt0.o (__libc_init_array)
c:/st/stm32cubeide_1.10.1/stm32cubeide/plugins/com.st.stm32cube.ide.mcu.externaltools.gnu-tools-for-stm32.10.3-2021.10.win32_1.0.100.202210260954/tools/bin/../lib/gcc/arm-none-eabi/10.3.1/../../../../arm-none-eabi/lib/thumb/v7e-m+fp/hard\libc_nano.a(lib_a-malloc.o)
                              ./Middlewares/ST/STM32_USB_Host_Library/Class/CDC/Src/usbh_cdc.o (malloc)
c:/st/stm32cubeide_1.10.1/stm32cubeide/plugins/com.st.stm32cube.ide.mcu.externaltools.gnu-tools-for-stm32.10.3-2021.10.win32_1.0.100.202210260954/tools/bin/../lib/gcc/arm-none-eabi/10.3.1/../../../../arm-none-eabi/lib/thumb/v7e-m+fp/hard\libc_nano.a(lib_a-memset.o)
                              c:/st/stm32cubeide_1.10.1/stm32cubeide/plugins/com.st.stm32cube.ide.mcu.externaltools.gnu-tools-for-stm32.10.3-2021.10.win32_1.0.100.202210260954/tools/bin/../lib/gcc/arm-none-eabi/10.3.1/../../../../arm-none-eabi/lib/thumb/v7e-m+fp/hard/crt0.o (memset)
c:/st/stm32cubeide_1.10.1/stm32cubeide/plugins/com.st.stm32cube.ide.mcu.externaltools.gnu-tools-for-stm32.10.3-2021.10.win32_1.0.100.202210260954/tools/bin/../lib/gcc/arm-none-eabi/10.3.1/../../../../arm-none-eabi/lib/thumb/v7e-m+fp/hard\libc_nano.a(lib_a-nano-freer.o)
                              c:/st/stm32cubeide_1.10.1/stm32cubeide/plugins/com.st.stm32cube.ide.mcu.externaltools.gnu-tools-for-stm32.10.3-2021.10.win32_1.0.100.202210260954/tools/bin/../lib/gcc/arm-none-eabi/10.3.1/../../../../arm-none-eabi/lib/thumb/v7e-m+fp/hard\libc_nano.a(lib_a-malloc.o) (_free_r)
c:/st/stm32cubeide_1.10.1/stm32cubeide/plugins/com.st.stm32cube.ide.mcu.externaltools.gnu-tools-for-stm32.10.3-2021.10.win32_1.0.100.202210260954/tools/bin/../lib/gcc/arm-none-eabi/10.3.1/../../../../arm-none-eabi/lib/thumb/v7e-m+fp/hard\libc_nano.a(lib_a-nano-mallocr.o)
                              c:/st/stm32cubeide_1.10.1/stm32cubeide/plugins/com.st.stm32cube.ide.mcu.externaltools.gnu-tools-for-stm32.10.3-2021.10.win32_1.0.100.202210260954/tools/bin/../lib/gcc/arm-none-eabi/10.3.1/../../../../arm-none-eabi/lib/thumb/v7e-m+fp/hard\libc_nano.a(lib_a-malloc.o) (_malloc_r)
c:/st/stm32cubeide_1.10.1/stm32cubeide/plugins/com.st.stm32cube.ide.mcu.externaltools.gnu-tools-for-stm32.10.3-2021.10.win32_1.0.100.202210260954/tools/bin/../lib/gcc/arm-none-eabi/10.3.1/../../../../arm-none-eabi/lib/thumb/v7e-m+fp/hard\libc_nano.a(lib_a-sbrkr.o)
                              c:/st/stm32cubeide_1.10.1/stm32cubeide/plugins/com.st.stm32cube.ide.mcu.externaltools.gnu-tools-for-stm32.10.3-2021.10.win32_1.0.100.202210260954/tools/bin/../lib/gcc/arm-none-eabi/10.3.1/../../../../arm-none-eabi/lib/thumb/v7e-m+fp/hard\libc_nano.a(lib_a-nano-mallocr.o) (_sbrk_r)
c:/st/stm32cubeide_1.10.1/stm32cubeide/plugins/com.st.stm32cube.ide.mcu.externaltools.gnu-tools-for-stm32.10.3-2021.10.win32_1.0.100.202210260954/tools/bin/../lib/gcc/arm-none-eabi/10.3.1/../../../../arm-none-eabi/lib/thumb/v7e-m+fp/hard\libc_nano.a(lib_a-mlock.o)
[...]
Memory Configuration

Name             Origin             Length             Attributes
CCMRAM           0x0000000010000000 0x0000000000010000 xrw
RAM              0x0000000020000000 0x0000000000020000 xrw
FLASH            0x0000000008000000 0x0000000000100000 xr
*default*        0x0000000000000000 0xffffffffffffffff

Linker script and memory map

LOAD c:/st/stm32cubeide_1.10.1/stm32cubeide/plugins/com.st.stm32cube.ide.mcu.externaltools.gnu-tools-for-stm32.10.3-2021.10.win32_1.0.100.202210260954/tools/bin/../lib/gcc/arm-none-eabi/10.3.1/thumb/v7e-m+fp/hard/crti.o
LOAD c:/st/stm32cubeide_1.10.1/stm32cubeide/plugins/com.st.stm32cube.ide.mcu.externaltools.gnu-tools-for-stm32.10.3-2021.10.win32_1.0.100.202210260954/tools/bin/../lib/gcc/arm-none-eabi/10.3.1/thumb/v7e-m+fp/hard/crtbegin.o
LOAD c:/st/stm32cubeide_1.10.1/stm32cubeide/plugins/com.st.stm32cube.ide.mcu.externaltools.gnu-tools-for-stm32.10.3-2021.10.win32_1.0.100.202210260954/tools/bin/../lib/gcc/arm-none-eabi/10.3.1/../../../../arm-none-eabi/lib/thumb/v7e-m+fp/hard/crt0.o
LOAD ./Core/Src/gpio.o
LOAD ./Core/Src/i2c.o
LOAD ./Core/Src/main.o
LOAD ./Core/Src/spi.o
LOAD ./Core/Src/stm32f4xx_hal_msp.o
LOAD ./Core/Src/stm32f4xx_it.o
LOAD ./Core/Src/syscalls.o
LOAD ./Core/Src/sysmem.o
LOAD ./Core/Src/system_stm32f4xx.o
LOAD ./Core/Src/tim.o
LOAD ./Core/Src/usart.o
LOAD ./Core/Startup/startup_stm32f407vgtx.o
LOAD ./Drivers/STM32F4xx_HAL_Driver/Src/stm32f4xx_hal.o
LOAD ./Drivers/STM32F4xx_HAL_Driver/Src/stm32f4xx_hal_cortex.o
LOAD ./Drivers/STM32F4xx_HAL_Driver/Src/stm32f4xx_hal_dma.o
LOAD ./Drivers/STM32F4xx_HAL_Driver/Src/stm32f4xx_hal_dma_ex.o
LOAD ./Drivers/STM32F4xx_HAL_Driver/Src/stm32f4xx_hal_exti.o
LOAD ./Drivers/STM32F4xx_HAL_Driver/Src/stm32f4xx_hal_flash.o
LOAD ./Drivers/STM32F4xx_HAL_Driver/Src/stm32f4xx_hal_flash_ex.o
LOAD ./Drivers/STM32F4xx_HAL_Driver/Src/stm32f4xx_hal_flash_ramfunc.o
LOAD ./Drivers/STM32F4xx_HAL_Driver/Src/stm32f4xx_hal_gpio.o
LOAD ./Drivers/STM32F4xx_HAL_Driver/Src/stm32f4xx_hal_hcd.o
LOAD ./Drivers/STM32F4xx_HAL_Driver/Src/stm32f4xx_hal_i2c.o
LOAD ./Drivers/STM32F4xx_HAL_Driver/Src/stm32f4xx_hal_i2c_ex.o
LOAD ./Drivers/STM32F4xx_HAL_Driver/Src/stm32f4xx_hal_pwr.o
LOAD ./Drivers/STM32F4xx_HAL_Driver/Src/stm32f4xx_hal_pwr_ex.o
LOAD ./Drivers/STM32F4xx_HAL_Driver/Src/stm32f4xx_hal_rcc.o
LOAD ./Drivers/STM32F4xx_HAL_Driver/Src/stm32f4xx_hal_rcc_ex.o
LOAD ./Drivers/STM32F4xx_HAL_Driver/Src/stm32f4xx_hal_spi.o
LOAD ./Drivers/STM32F4xx_HAL_Driver/Src/stm32f4xx_hal_tim.o
LOAD ./Drivers/STM32F4xx_HAL_Driver/Src/stm32f4xx_hal_tim_ex.o
LOAD ./Drivers/STM32F4xx_HAL_Driver/Src/stm32f4xx_hal_uart.o
LOAD ./Drivers/STM32F4xx_HAL_Driver/Src/stm32f4xx_ll_usb.o
LOAD ./Middlewares/ST/STM32_USB_Host_Library/Class/CDC/Src/usbh_cdc.o
LOAD ./Middlewares/ST/STM32_USB_Host_Library/Core/Src/usbh_core.o
LOAD ./Middlewares/ST/STM32_USB_Host_Library/Core/Src/usbh_ctlreq.o
LOAD ./Middlewares/ST/STM32_USB_Host_Library/Core/Src/usbh_ioreq.o
LOAD ./Middlewares/ST/STM32_USB_Host_Library/Core/Src/usbh_pipes.o
LOAD ./USB_HOST/App/usb_host.o
LOAD ./USB_HOST/Target/usbh_conf.o
LOAD ./USB_HOST/Target/usbh_platform.o
START GROUP
LOAD c:/st/stm32cubeide_1.10.1/stm32cubeide/plugins/com.st.stm32cube.ide.mcu.externaltools.gnu-tools-for-stm32.10.3-2021.10.win32_1.0.100.202210260954/tools/bin/../lib/gcc/arm-none-eabi/10.3.1/../../../../arm-none-eabi/lib/thumb/v7e-m+fp/hard\libc_nano.a
LOAD c:/st/stm32cubeide_1.10.1/stm32cubeide/plugins/com.st.stm32cube.ide.mcu.externaltools.gnu-tools-for-stm32.10.3-2021.10.win32_1.0.100.202210260954/tools/bin/../lib/gcc/arm-none-eabi/10.3.1/../../../../arm-none-eabi/lib/thumb/v7e-m+fp/hard\libm.a
END GROUP
START GROUP
LOAD c:/st/stm32cubeide_1.10.1/stm32cubeide/plugins/com.st.stm32cube.ide.mcu.externaltools.gnu-tools-for-stm32.10.3-2021.10.win32_1.0.100.202210260954/tools/bin/../lib/gcc/arm-none-eabi/10.3.1/thumb/v7e-m+fp/hard\libgcc.a
LOAD c:/st/stm32cubeide_1.10.1/stm32cubeide/plugins/com.st.stm32cube.ide.mcu.externaltools.gnu-tools-for-stm32.10.3-2021.10.win32_1.0.100.202210260954/tools/bin/../lib/gcc/arm-none-eabi/10.3.1/../../../../arm-none-eabi/lib/thumb/v7e-m+fp/hard\libc_nano.a
END GROUP
START GROUP
LOAD c:/st/stm32cubeide_1.10.1/stm32cubeide/plugins/com.st.stm32cube.ide.mcu.externaltools.gnu-tools-for-stm32.10.3-2021.10.win32_1.0.100.202210260954/tools/bin/../lib/gcc/arm-none-eabi/10.3.1/thumb/v7e-m+fp/hard\libgcc.a
LOAD c:/st/stm32cubeide_1.10.1/stm32cubeide/plugins/com.st.stm32cube.ide.mcu.externaltools.gnu-tools-for-stm32.10.3-2021.10.win32_1.0.100.202210260954/tools/bin/../lib/gcc/arm-none-eabi/10.3.1/../../../../arm-none-eabi/lib/thumb/v7e-m+fp/hard\libc_nano.a
LOAD c:/st/stm32cubeide_1.10.1/stm32cubeide/plugins/com.st.stm32cube.ide.mcu.externaltools.gnu-tools-for-stm32.10.3-2021.10.win32_1.0.100.202210260954/tools/bin/../lib/gcc/arm-none-eabi/10.3.1/../../../../arm-none-eabi/lib/thumb/v7e-m+fp/hard\libnosys.a
END GROUP
START GROUP
LOAD c:/st/stm32cubeide_1.10.1/stm32cubeide/plugins/com.st.stm32cube.ide.mcu.externaltools.gnu-tools-for-stm32.10.3-2021.10.win32_1.0.100.202210260954/tools/bin/../lib/gcc/arm-none-eabi/10.3.1/thumb/v7e-m+fp/hard\libgcc.a
LOAD c:/st/stm32cubeide_1.10.1/stm32cubeide/plugins/com.st.stm32cube.ide.mcu.externaltools.gnu-tools-for-stm32.10.3-2021.10.win32_1.0.100.202210260954/tools/bin/../lib/gcc/arm-none-eabi/10.3.1/../../../../arm-none-eabi/lib/thumb/v7e-m+fp/hard\libc_nano.a
LOAD c:/st/stm32cubeide_1.10.1/stm32cubeide/plugins/com.st.stm32cube.ide.mcu.externaltools.gnu-tools-for-stm32.10.3-2021.10.win32_1.0.100.202210260954/tools/bin/../lib/gcc/arm-none-eabi/10.3.1/../../../../arm-none-eabi/lib/thumb/v7e-m+fp/hard\libnosys.a
END GROUP
LOAD c:/st/stm32cubeide_1.10.1/stm32cubeide/plugins/com.st.stm32cube.ide.mcu.externaltools.gnu-tools-for-stm32.10.3-2021.10.win32_1.0.100.202210260954/tools/bin/../lib/gcc/arm-none-eabi/10.3.1/thumb/v7e-m+fp/hard/crtend.o
LOAD c:/st/stm32cubeide_1.10.1/stm32cubeide/plugins/com.st.stm32cube.ide.mcu.externaltools.gnu-tools-for-stm32.10.3-2021.10.win32_1.0.100.202210260954/tools/bin/../lib/gcc/arm-none-eabi/10.3.1/thumb/v7e-m+fp/hard/crtn.o
                0x0000000020020000                _estack = (ORIGIN (RAM) + LENGTH (RAM))
                0x0000000000000200                _Min_Heap_Size = 0x200
                0x0000000000000400                _Min_Stack_Size = 0x400

.isr_vector     0x0000000008000000      0x188
                0x0000000008000000                . = ALIGN (0x4)
 *(.isr_vector)
 .isr_vector    0x0000000008000000      0x188 ./Core/Startup/startup_stm32f407vgtx.o
                0x0000000008000000                g_pfnVectors
                0x0000000008000188                . = ALIGN (0x4)

.text           0x0000000008000188     0x8c18
                0x0000000008000188                . = ALIGN (0x4)
 *(.text)
 .text          0x0000000008000188       0x40 c:/st/stm32cubeide_1.10.1/stm32cubeide/plugins/com.st.stm32cube.ide.mcu.externaltools.gnu-tools-for-stm32.10.3-2021.10.win32_1.0.100.202210260954/tools/bin/../lib/gcc/arm-none-eabi/10.3.1/thumb/v7e-m+fp/hard/crtbegin.o
 .text          0x00000000080001c8       0x30 c:/st/stm32cubeide_1.10.1/stm32cubeide/plugins/com.st.stm32cube.ide.mcu.externaltools.gnu-tools-for-stm32.10.3-2021.10.win32_1.0.100.202210260954/tools/bin/../lib/gcc/arm-none-eabi/10.3.1/thumb/v7e-m+fp/hard\libgcc.a(_aeabi_uldivmod.o)
                0x00000000080001c8                __aeabi_uldivmod
 .text          0x00000000080001f8      0x2d0 c:/st/stm32cubeide_1.10.1/stm32cubeide/plugins/com.st.stm32cube.ide.mcu.externaltools.gnu-tools-for-stm32.10.3-2021.10.win32_1.0.100.202210260954/tools/bin/../lib/gcc/arm-none-eabi/10.3.1/thumb/v7e-m+fp/hard\libgcc.a(_udivmoddi4.o)
                0x00000000080001f8                __udivmoddi4
 .text          0x00000000080004c8        0x4 c:/st/stm32cubeide_1.10.1/stm32cubeide/plugins/com.st.stm32cube.ide.mcu.externaltools.gnu-tools-for-stm32.10.3-2021.10.win32_1.0.100.202210260954/tools/bin/../lib/gcc/arm-none-eabi/10.3.1/thumb/v7e-m+fp/hard\libgcc.a(_dvmd_tls.o)
                0x00000000080004c8                __aeabi_idiv0
                0x00000000080004c8                __aeabi_ldiv0
 *(.text*)
 .text.MX_GPIO_Init
                0x00000000080004cc      0x24c ./Core/Src/gpio.o
                0x00000000080004cc                MX_GPIO_Init
 .text.MX_I2C1_Init
                0x0000000008000718       0x5c ./Core/Src/i2c.o
                0x0000000008000718                MX_I2C1_Init
 .text.HAL_I2C_MspInit
                0x0000000008000774       0x90 ./Core/Src/i2c.o
                0x0000000008000774                HAL_I2C_MspInit
 .text.main     0x0000000008000804       0xa4 ./Core/Src/main.o
                0x0000000008000804                main
 .text.SystemClock_Config
                0x00000000080008a8       0xd4 ./Core/Src/main.o
                0x00000000080008a8                SystemClock_Config
 .text.HAL_GPIO_EXTI_Callback
                0x000000000800097c       0x28 ./Core/Src/main.o
                0x000000000800097c                HAL_GPIO_EXTI_Callback
 .text.HAL_TIM_PeriodElapsedCallback
                0x00000000080009a4       0x28 ./Core/Src/main.o
                0x00000000080009a4                HAL_TIM_PeriodElapsedCallback
 .text.Error_Handler
                0x00000000080009cc        0xa ./Core/Src/main.o
                0x00000000080009cc                Error_Handler
 *fill*         0x00000000080009d6        0x2 
 .text.MX_SPI1_Init
                0x00000000080009d8       0x6c ./Core/Src/spi.o
                0x00000000080009d8                MX_SPI1_Init
 .text.HAL_SPI_MspInit
                0x0000000008000a44       0x90 ./Core/Src/spi.o
                0x0000000008000a44                HAL_SPI_MspInit
 .text.HAL_MspInit
                0x0000000008000ad4       0x50 ./Core/Src/stm32f4xx_hal_msp.o
                0x0000000008000ad4                HAL_MspInit
 .text.NMI_Handler
                0x0000000008000b24        0x6 ./Core/Src/stm32f4xx_it.o
                0x0000000008000b24                NMI_Handler
 .text.HardFault_Handler
                0x0000000008000b2a        0x6 ./Core/Src/stm32f4xx_it.o
                0x0000000008000b2a                HardFault_Handler
 .text.MemManage_Handler
                0x0000000008000b30        0x6 ./Core/Src/stm32f4xx_it.o
                0x0000000008000b30                MemManage_Handler
 .text.BusFault_Handler
                0x0000000008000b36        0x6 ./Core/Src/stm32f4xx_it.o
                0x0000000008000b36                BusFault_Handler
 .text.UsageFault_Handler
                0x0000000008000b3c        0x6 ./Core/Src/stm32f4xx_it.o
                0x0000000008000b3c                UsageFault_Handler
 .text.SVC_Handler
                0x0000000008000b42        0xe ./Core/Src/stm32f4xx_it.o
                0x0000000008000b42                SVC_Handler
 .text.DebugMon_Handler
                0x0000000008000b50        0xe ./Core/Src/stm32f4xx_it.o
                0x0000000008000b50                DebugMon_Handler
 .text.PendSV_Handler
                0x0000000008000b5e        0xe ./Core/Src/stm32f4xx_it.o
                0x0000000008000b5e                PendSV_Handler
 .text.SysTick_Handler
                0x0000000008000b6c        0xc ./Core/Src/stm32f4xx_it.o
                0x0000000008000b6c                SysTick_Handler
 .text.EXTI0_IRQHandler
                0x0000000008000b78        0xe ./Core/Src/stm32f4xx_it.o
                0x0000000008000b78                EXTI0_IRQHandler
 *fill*         0x0000000008000b86        0x2 
 .text.TIM2_IRQHandler
                0x0000000008000b88       0x14 ./Core/Src/stm32f4xx_it.o
                0x0000000008000b88                TIM2_IRQHandler
 .text.TIM4_IRQHandler
                0x0000000008000b9c       0x14 ./Core/Src/stm32f4xx_it.o
                0x0000000008000b9c                TIM4_IRQHandler
 .text.OTG_FS_IRQHandler
                0x0000000008000bb0       0x14 ./Core/Src/stm32f4xx_it.o
                0x0000000008000bb0                OTG_FS_IRQHandler
 .text._sbrk    0x0000000008000bc4       0x6c ./Core/Src/sysmem.o
                0x0000000008000bc4                _sbrk
 .text.SystemInit
                0x0000000008000c30       0x24 ./Core/Src/system_stm32f4xx.o
                0x0000000008000c30                SystemInit
 .text.MX_TIM2_Init
                0x0000000008000c54       0x9c ./Core/Src/tim.o
                0x0000000008000c54                MX_TIM2_Init
 .text.MX_TIM4_Init
                0x0000000008000cf0       0xf0 ./Core/Src/tim.o
                0x0000000008000cf0                MX_TIM4_Init
 .text.HAL_TIM_Base_MspInit
                0x0000000008000de0       0x88 ./Core/Src/tim.o
                0x0000000008000de0                HAL_TIM_Base_MspInit
 .text.HAL_TIM_MspPostInit
                0x0000000008000e68       0x74 ./Core/Src/tim.o
                0x0000000008000e68                HAL_TIM_MspPostInit
 .text.MX_UART4_Init
                0x0000000008000edc       0x54 ./Core/Src/usart.o
                0x0000000008000edc                MX_UART4_Init
 .text.HAL_UART_MspInit
                0x0000000008000f30       0x90 ./Core/Src/usart.o
                0x0000000008000f30                HAL_UART_MspInit
 .text.Reset_Handler
                0x0000000008000fc0       0x50 ./Core/Startup/startup_stm32f407vgtx.o
                0x0000000008000fc0                Reset_Handler
 .text.Default_Handler
                0x0000000008001010        0x2 ./Core/Startup/startup_stm32f407vgtx.o
                0x0000000008001010                RTC_Alarm_IRQHandler
                0x0000000008001010                HASH_RNG_IRQHandler
                0x0000000008001010                EXTI2_IRQHandler
                0x0000000008001010                TIM8_CC_IRQHandler
                0x0000000008001010                TIM1_CC_IRQHandler
                0x0000000008001010                DMA2_Stream5_IRQHandler
                0x0000000008001010                DMA1_Stream5_IRQHandler
                0x0000000008001010                PVD_IRQHandler
                0x0000000008001010                SDIO_IRQHandler
                0x0000000008001010                TAMP_STAMP_IRQHandler
                0x0000000008001010                CAN2_RX1_IRQHandler
                0x0000000008001010                EXTI3_IRQHandler
                0x0000000008001010                TIM8_TRG_COM_TIM14_IRQHandler
                0x0000000008001010                TIM1_UP_TIM10_IRQHandler
                0x0000000008001010                TIM8_UP_TIM13_IRQHandler
                0x0000000008001010                I2C3_ER_IRQHandler
                0x0000000008001010                I2C2_EV_IRQHandler
                0x0000000008001010                DMA1_Stream2_IRQHandler
                0x0000000008001010                CAN1_RX0_IRQHandler
                0x0000000008001010                FPU_IRQHandler
                0x0000000008001010                OTG_HS_WKUP_IRQHandler
                0x0000000008001010                CAN2_SCE_IRQHandler
                0x0000000008001010                DMA2_Stream2_IRQHandler
                0x0000000008001010                SPI1_IRQHandler
                0x0000000008001010                TIM6_DAC_IRQHandler
                0x0000000008001010                TIM1_BRK_TIM9_IRQHandler
                0x0000000008001010                DCMI_IRQHandler
                0x0000000008001010                CAN2_RX0_IRQHandler
                0x0000000008001010                DMA2_Stream3_IRQHandler
                0x0000000008001010                USART6_IRQHandler
                0x0000000008001010                USART3_IRQHandler
                0x0000000008001010                CAN1_RX1_IRQHandler
                0x0000000008001010                UART5_IRQHandler
                0x0000000008001010                DMA2_Stream0_IRQHandler
                0x0000000008001010                I2C1_EV_IRQHandler
                0x0000000008001010                DMA1_Stream6_IRQHandler
                0x0000000008001010                DMA1_Stream1_IRQHandler
                0x0000000008001010                UART4_IRQHandler
                0x0000000008001010                TIM3_IRQHandler
                0x0000000008001010                RCC_IRQHandler
                0x0000000008001010                TIM8_BRK_TIM12_IRQHandler
                0x0000000008001010                Default_Handler
                0x0000000008001010                EXTI15_10_IRQHandler
                0x0000000008001010                ADC_IRQHandler
                0x0000000008001010                DMA1_Stream7_IRQHandler
                0x0000000008001010                TIM7_IRQHandler
                0x0000000008001010                CAN2_TX_IRQHandler
                0x0000000008001010                TIM5_IRQHandler
                0x0000000008001010                DMA2_Stream7_IRQHandler
                0x0000000008001010                I2C3_EV_IRQHandler
                0x0000000008001010                EXTI9_5_IRQHandler
                0x0000000008001010                RTC_WKUP_IRQHandler
                0x0000000008001010                ETH_WKUP_IRQHandler
                0x0000000008001010                SPI2_IRQHandler
                0x0000000008001010                OTG_HS_EP1_IN_IRQHandler
                0x0000000008001010                DMA1_Stream0_IRQHandler
                0x0000000008001010                CAN1_TX_IRQHandler
                0x0000000008001010                EXTI4_IRQHandler
                0x0000000008001010                FSMC_IRQHandler
                0x0000000008001010                ETH_IRQHandler
                0x0000000008001010                OTG_HS_EP1_OUT_IRQHandler
                0x0000000008001010                WWDG_IRQHandler
                0x0000000008001010                OTG_FS_WKUP_IRQHandler
                0x0000000008001010                TIM1_TRG_COM_TIM11_IRQHandler
                0x0000000008001010                OTG_HS_IRQHandler
                0x0000000008001010                EXTI1_IRQHandler
                0x0000000008001010                USART2_IRQHandler
                0x0000000008001010                I2C2_ER_IRQHandler
                0x0000000008001010                DMA2_Stream1_IRQHandler
                0x0000000008001010                CAN1_SCE_IRQHandler
                0x0000000008001010                FLASH_IRQHandler
                0x0000000008001010                DMA2_Stream4_IRQHandler
                0x0000000008001010                USART1_IRQHandler
                0x0000000008001010                SPI3_IRQHandler
                0x0000000008001010                DMA1_Stream4_IRQHandler
                0x0000000008001010                I2C1_ER_IRQHandler
                0x0000000008001010                DMA2_Stream6_IRQHandler
                0x0000000008001010                DMA1_Stream3_IRQHandler
 *fill*         0x0000000008001012        0x2 
 .text.HAL_Init
                0x0000000008001014       0x44 ./Drivers/STM32F4xx_HAL_Driver/Src/stm32f4xx_hal.o
                0x0000000008001014                HAL_Init
 .text.HAL_InitTick
                0x0000000008001058       0x60 ./Drivers/STM32F4xx_HAL_Driver/Src/stm32f4xx_hal.o
                0x0000000008001058                HAL_InitTick
 .text.HAL_IncTick
                0x00000000080010b8       0x28 ./Drivers/STM32F4xx_HAL_Driver/Src/stm32f4xx_hal.o
                0x00000000080010b8                HAL_IncTick
 .text.HAL_GetTick
                0x00000000080010e0       0x18 ./Drivers/STM32F4xx_HAL_Driver/Src/stm32f4xx_hal.o
                0x00000000080010e0                HAL_GetTick
 .text.HAL_Delay
                0x00000000080010f8       0x48 ./Drivers/STM32F4xx_HAL_Driver/Src/stm32f4xx_hal.o
                0x00000000080010f8                HAL_Delay
 .text.__NVIC_SetPriorityGrouping
                0x0000000008001140       0x48 ./Drivers/STM32F4xx_HAL_Driver/Src/stm32f4xx_hal_cortex.o
 .text.__NVIC_GetPriorityGrouping
                0x0000000008001188       0x1c ./Drivers/STM32F4xx_HAL_Driver/Src/stm32f4xx_hal_cortex.o
 .text.__NVIC_EnableIRQ
                0x00000000080011a4       0x3c ./Drivers/STM32F4xx_HAL_Driver/Src/stm32f4xx_hal_cortex.o
 .text.__NVIC_SetPriority
                0x00000000080011e0       0x54 ./Drivers/STM32F4xx_HAL_Driver/Src/stm32f4xx_hal_cortex.o
 .text.NVIC_EncodePriority
                0x0000000008001234       0x66 ./Drivers/STM32F4xx_HAL_Driver/Src/stm32f4xx_hal_cortex.o
 *fill*         0x000000000800129a        0x2 
 .text.SysTick_Config
                0x000000000800129c       0x44 ./Drivers/STM32F4xx_HAL_Driver/Src/stm32f4xx_hal_cortex.o
 .text.HAL_NVIC_SetPriorityGrouping
                0x00000000080012e0       0x16 ./Drivers/STM32F4xx_HAL_Driver/Src/stm32f4xx_hal_cortex.o
                0x00000000080012e0                HAL_NVIC_SetPriorityGrouping
 .text.HAL_NVIC_SetPriority
                0x00000000080012f6       0x38 ./Drivers/STM32F4xx_HAL_Driver/Src/stm32f4xx_hal_cortex.o
                0x00000000080012f6                HAL_NVIC_SetPriority
 .text.HAL_NVIC_EnableIRQ
                0x000000000800132e       0x1c ./Drivers/STM32F4xx_HAL_Driver/Src/stm32f4xx_hal_cortex.o
                0x000000000800132e                HAL_NVIC_EnableIRQ
 .text.HAL_SYSTICK_Config
                0x000000000800134a       0x18 ./Drivers/STM32F4xx_HAL_Driver/Src/stm32f4xx_hal_cortex.o
                0x000000000800134a                HAL_SYSTICK_Config
 *fill*         0x0000000008001362        0x2 
 .text.HAL_GPIO_Init
                0x0000000008001364      0x338 ./Drivers/STM32F4xx_HAL_Driver/Src/stm32f4xx_hal_gpio.o
                0x0000000008001364                HAL_GPIO_Init
 .text.HAL_GPIO_WritePin
                0x000000000800169c       0x32 ./Drivers/STM32F4xx_HAL_Driver/Src/stm32f4xx_hal_gpio.o
                0x000000000800169c                HAL_GPIO_WritePin
 .text.HAL_GPIO_TogglePin
                0x00000000080016ce       0x34 ./Drivers/STM32F4xx_HAL_Driver/Src/stm32f4xx_hal_gpio.o
                0x00000000080016ce                HAL_GPIO_TogglePin
 *fill*         0x0000000008001702        0x2 
 .text.HAL_GPIO_EXTI_IRQHandler
                0x0000000008001704       0x30 ./Drivers/STM32F4xx_HAL_Driver/Src/stm32f4xx_hal_gpio.o
                0x0000000008001704                HAL_GPIO_EXTI_IRQHandler
 .text.HAL_HCD_Init
                0x0000000008001734       0xc4 ./Drivers/STM32F4xx_HAL_Driver/Src/stm32f4xx_hal_hcd.o
                0x0000000008001734                HAL_HCD_Init
 .text.HAL_HCD_HC_Init
                0x00000000080017f8      0x11e ./Drivers/STM32F4xx_HAL_Driver/Src/stm32f4xx_hal_hcd.o
                0x00000000080017f8                HAL_HCD_HC_Init
 .text.HAL_HCD_HC_Halt
                0x0000000008001916       0x46 ./Drivers/STM32F4xx_HAL_Driver/Src/stm32f4xx_hal_hcd.o
                0x0000000008001916                HAL_HCD_HC_Halt
 .text.HAL_HCD_HC_SubmitRequest
                0x000000000800195c      0x2ac ./Drivers/STM32F4xx_HAL_Driver/Src/stm32f4xx_hal_hcd.o
                0x000000000800195c                HAL_HCD_HC_SubmitRequest
 .text.HAL_HCD_IRQHandler
                0x0000000008001c08      0x216 ./Drivers/STM32F4xx_HAL_Driver/Src/stm32f4xx_hal_hcd.o
                0x0000000008001c08                HAL_HCD_IRQHandler
 .text.HAL_HCD_Start
                0x0000000008001e1e       0x46 ./Drivers/STM32F4xx_HAL_Driver/Src/stm32f4xx_hal_hcd.o
                0x0000000008001e1e                HAL_HCD_Start
 .text.HAL_HCD_Stop
                0x0000000008001e64       0x3a ./Drivers/STM32F4xx_HAL_Driver/Src/stm32f4xx_hal_hcd.o
                0x0000000008001e64                HAL_HCD_Stop
 .text.HAL_HCD_ResetPort
                0x0000000008001e9e       0x1c ./Drivers/STM32F4xx_HAL_Driver/Src/stm32f4xx_hal_hcd.o
                0x0000000008001e9e                HAL_HCD_ResetPort
 .text.HAL_HCD_HC_GetURBState
                0x0000000008001eba       0x28 ./Drivers/STM32F4xx_HAL_Driver/Src/stm32f4xx_hal_hcd.o
                0x0000000008001eba                HAL_HCD_HC_GetURBState
 .text.HAL_HCD_HC_GetXferCount
                0x0000000008001ee2       0x28 ./Drivers/STM32F4xx_HAL_Driver/Src/stm32f4xx_hal_hcd.o
                0x0000000008001ee2                HAL_HCD_HC_GetXferCount
 .text.HAL_HCD_GetCurrentFrame
                0x0000000008001f0a       0x1c ./Drivers/STM32F4xx_HAL_Driver/Src/stm32f4xx_hal_hcd.o
                0x0000000008001f0a                HAL_HCD_GetCurrentFrame
 .text.HAL_HCD_GetCurrentSpeed
                0x0000000008001f26       0x1c ./Drivers/STM32F4xx_HAL_Driver/Src/stm32f4xx_hal_hcd.o
                0x0000000008001f26                HAL_HCD_GetCurrentSpeed
 .text.HCD_HC_IN_IRQHandler
                0x0000000008001f42      0x6aa ./Drivers/STM32F4xx_HAL_Driver/Src/stm32f4xx_hal_hcd.o
 .text.HCD_HC_OUT_IRQHandler
                0x00000000080025ec      0x6d2 ./Drivers/STM32F4xx_HAL_Driver/Src/stm32f4xx_hal_hcd.o
 .text.HCD_RXQLVL_IRQHandler
                0x0000000008002cbe      0x1a4 ./Drivers/STM32F4xx_HAL_Driver/Src/stm32f4xx_hal_hcd.o
 .text.HCD_Port_IRQHandler
                0x0000000008002e62       0xe6 ./Drivers/STM32F4xx_HAL_Driver/Src/stm32f4xx_hal_hcd.o
 .text.HAL_I2C_Init
                0x0000000008002f48      0x288 ./Drivers/STM32F4xx_HAL_Driver/Src/stm32f4xx_hal_i2c.o
                0x0000000008002f48                HAL_I2C_Init
 .text.HAL_RCC_OscConfig
                0x00000000080031d0      0x4f0 ./Drivers/STM32F4xx_HAL_Driver/Src/stm32f4xx_hal_rcc.o
                0x00000000080031d0                HAL_RCC_OscConfig
 .text.HAL_RCC_ClockConfig
                0x00000000080036c0      0x1cc ./Drivers/STM32F4xx_HAL_Driver/Src/stm32f4xx_hal_rcc.o
                0x00000000080036c0                HAL_RCC_ClockConfig
 .text.HAL_RCC_GetSysClockFreq
                0x000000000800388c      0x20c ./Drivers/STM32F4xx_HAL_Driver/Src/stm32f4xx_hal_rcc.o
                0x000000000800388c                HAL_RCC_GetSysClockFreq
 .text.HAL_RCC_GetHCLKFreq
                0x0000000008003a98       0x18 ./Drivers/STM32F4xx_HAL_Driver/Src/stm32f4xx_hal_rcc.o
                0x0000000008003a98                HAL_RCC_GetHCLKFreq
 .text.HAL_RCC_GetPCLK1Freq
                0x0000000008003ab0       0x28 ./Drivers/STM32F4xx_HAL_Driver/Src/stm32f4xx_hal_rcc.o
                0x0000000008003ab0                HAL_RCC_GetPCLK1Freq
 .text.HAL_RCC_GetPCLK2Freq
                0x0000000008003ad8       0x28 ./Drivers/STM32F4xx_HAL_Driver/Src/stm32f4xx_hal_rcc.o
                0x0000000008003ad8                HAL_RCC_GetPCLK2Freq
 .text.HAL_SPI_Init
                0x0000000008003b00      0x112 ./Drivers/STM32F4xx_HAL_Driver/Src/stm32f4xx_hal_spi.o
                0x0000000008003b00                HAL_SPI_Init
 .text.HAL_TIM_Base_Init
                0x0000000008003c12       0x9e ./Drivers/STM32F4xx_HAL_Driver/Src/stm32f4xx_hal_tim.o
                0x0000000008003c12                HAL_TIM_Base_Init
 .text.HAL_TIM_Base_Start_IT
                0x0000000008003cb0       0xe0 ./Drivers/STM32F4xx_HAL_Driver/Src/stm32f4xx_hal_tim.o
                0x0000000008003cb0                HAL_TIM_Base_Start_IT
 .text.HAL_TIM_PWM_Init
                0x0000000008003d90       0x9e ./Drivers/STM32F4xx_HAL_Driver/Src/stm32f4xx_hal_tim.o
                0x0000000008003d90                HAL_TIM_PWM_Init
 .text.HAL_TIM_PWM_MspInit
                0x0000000008003e2e       0x14 ./Drivers/STM32F4xx_HAL_Driver/Src/stm32f4xx_hal_tim.o
                0x0000000008003e2e                HAL_TIM_PWM_MspInit
 *fill*         0x0000000008003e42        0x2 
 .text.HAL_TIM_PWM_Start
                0x0000000008003e44      0x190 ./Drivers/STM32F4xx_HAL_Driver/Src/stm32f4xx_hal_tim.o
                0x0000000008003e44                HAL_TIM_PWM_Start
 .text.HAL_TIM_IRQHandler
                0x0000000008003fd4      0x210 ./Drivers/STM32F4xx_HAL_Driver/Src/stm32f4xx_hal_tim.o
                0x0000000008003fd4                HAL_TIM_IRQHandler
 .text.HAL_TIM_PWM_ConfigChannel
                0x00000000080041e4      0x184 ./Drivers/STM32F4xx_HAL_Driver/Src/stm32f4xx_hal_tim.o
                0x00000000080041e4                HAL_TIM_PWM_ConfigChannel
 .text.HAL_TIM_ConfigClockSource
                0x0000000008004368      0x18e ./Drivers/STM32F4xx_HAL_Driver/Src/stm32f4xx_hal_tim.o
                0x0000000008004368                HAL_TIM_ConfigClockSource
 .text.HAL_TIM_OC_DelayElapsedCallback
                0x00000000080044f6       0x14 ./Drivers/STM32F4xx_HAL_Driver/Src/stm32f4xx_hal_tim.o
                0x00000000080044f6                HAL_TIM_OC_DelayElapsedCallback
 .text.HAL_TIM_IC_CaptureCallback
                0x000000000800450a       0x14 ./Drivers/STM32F4xx_HAL_Driver/Src/stm32f4xx_hal_tim.o
                0x000000000800450a                HAL_TIM_IC_CaptureCallback
 .text.HAL_TIM_PWM_PulseFinishedCallback
                0x000000000800451e       0x14 ./Drivers/STM32F4xx_HAL_Driver/Src/stm32f4xx_hal_tim.o
                0x000000000800451e                HAL_TIM_PWM_PulseFinishedCallback
 .text.HAL_TIM_TriggerCallback
                0x0000000008004532       0x14 ./Drivers/STM32F4xx_HAL_Driver/Src/stm32f4xx_hal_tim.o
                0x0000000008004532                HAL_TIM_TriggerCallback
 *fill*         0x0000000008004546        0x2 
 .text.TIM_Base_SetConfig
                0x0000000008004548      0x140 ./Drivers/STM32F4xx_HAL_Driver/Src/stm32f4xx_hal_tim.o
                0x0000000008004548                TIM_Base_SetConfig
 .text.TIM_OC1_SetConfig
                0x0000000008004688       0xe0 ./Drivers/STM32F4xx_HAL_Driver/Src/stm32f4xx_hal_tim.o
 .text.TIM_OC2_SetConfig
                0x0000000008004768       0xec ./Drivers/STM32F4xx_HAL_Driver/Src/stm32f4xx_hal_tim.o
                0x0000000008004768                TIM_OC2_SetConfig
 .text.TIM_OC3_SetConfig
                0x0000000008004854       0xe8 ./Drivers/STM32F4xx_HAL_Driver/Src/stm32f4xx_hal_tim.o
 .text.TIM_OC4_SetConfig
                0x000000000800493c       0xac ./Drivers/STM32F4xx_HAL_Driver/Src/stm32f4xx_hal_tim.o
 .text.TIM_TI1_ConfigInputStage
                0x00000000080049e8       0x5e ./Drivers/STM32F4xx_HAL_Driver/Src/stm32f4xx_hal_tim.o
 .text.TIM_TI2_ConfigInputStage
                0x0000000008004a46       0x60 ./Drivers/STM32F4xx_HAL_Driver/Src/stm32f4xx_hal_tim.o
 .text.TIM_ITRx_SetConfig
                0x0000000008004aa6       0x36 ./Drivers/STM32F4xx_HAL_Driver/Src/stm32f4xx_hal_tim.o
 .text.TIM_ETR_SetConfig
                0x0000000008004adc       0x40 ./Drivers/STM32F4xx_HAL_Driver/Src/stm32f4xx_hal_tim.o
                0x0000000008004adc                TIM_ETR_SetConfig
 .text.TIM_CCxChannelCmd
                0x0000000008004b1c       0x4a ./Drivers/STM32F4xx_HAL_Driver/Src/stm32f4xx_hal_tim.o
                0x0000000008004b1c                TIM_CCxChannelCmd
 *fill*         0x0000000008004b66        0x2 
 .text.HAL_TIMEx_MasterConfigSynchronization
                0x0000000008004b68       0xf8 ./Drivers/STM32F4xx_HAL_Driver/Src/stm32f4xx_hal_tim_ex.o
                0x0000000008004b68                HAL_TIMEx_MasterConfigSynchronization
 .text.HAL_TIMEx_CommutCallback
                0x0000000008004c60       0x14 ./Drivers/STM32F4xx_HAL_Driver/Src/stm32f4xx_hal_tim_ex.o
                0x0000000008004c60                HAL_TIMEx_CommutCallback
 .text.HAL_TIMEx_BreakCallback
                0x0000000008004c74       0x14 ./Drivers/STM32F4xx_HAL_Driver/Src/stm32f4xx_hal_tim_ex.o
                0x0000000008004c74                HAL_TIMEx_BreakCallback
 .text.HAL_UART_Init
                0x0000000008004c88       0x9a ./Drivers/STM32F4xx_HAL_Driver/Src/stm32f4xx_hal_uart.o
                0x0000000008004c88                HAL_UART_Init
 .text.HAL_UART_Transmit
                0x0000000008004d22      0x124 ./Drivers/STM32F4xx_HAL_Driver/Src/stm32f4xx_hal_uart.o
                0x0000000008004d22                HAL_UART_Transmit
 .text.HAL_UART_Receive
                0x0000000008004e46      0x144 ./Drivers/STM32F4xx_HAL_Driver/Src/stm32f4xx_hal_uart.o
                0x0000000008004e46                HAL_UART_Receive
 .text.UART_WaitOnFlagUntilTimeout
                0x0000000008004f8a       0xdc ./Drivers/STM32F4xx_HAL_Driver/Src/stm32f4xx_hal_uart.o
 *fill*         0x0000000008005066        0x2 
 .text.UART_SetConfig
                0x0000000008005068      0x4e8 ./Drivers/STM32F4xx_HAL_Driver/Src/stm32f4xx_hal_uart.o
 .text.USB_CoreInit
                0x0000000008005550       0xc2 ./Drivers/STM32F4xx_HAL_Driver/Src/stm32f4xx_ll_usb.o
                0x0000000008005550                USB_CoreInit
 .text.USB_EnableGlobalInt
                0x0000000008005612       0x22 ./Drivers/STM32F4xx_HAL_Driver/Src/stm32f4xx_ll_usb.o
                0x0000000008005612                USB_EnableGlobalInt
 .text.USB_DisableGlobalInt
                0x0000000008005634       0x22 ./Drivers/STM32F4xx_HAL_Driver/Src/stm32f4xx_ll_usb.o
                0x0000000008005634                USB_DisableGlobalInt
 .text.USB_SetCurrentMode
                0x0000000008005656       0x98 ./Drivers/STM32F4xx_HAL_Driver/Src/stm32f4xx_ll_usb.o
                0x0000000008005656                USB_SetCurrentMode
 *fill*         0x00000000080056ee        0x2 
 .text.USB_FlushTxFifo
                0x00000000080056f0       0x68 ./Drivers/STM32F4xx_HAL_Driver/Src/stm32f4xx_ll_usb.o
                0x00000000080056f0                USB_FlushTxFifo
 .text.USB_FlushRxFifo
                0x0000000008005758       0x60 ./Drivers/STM32F4xx_HAL_Driver/Src/stm32f4xx_ll_usb.o
                0x0000000008005758                USB_FlushRxFifo
 .text.USB_WritePacket
                0x00000000080057b8       0x7c ./Drivers/STM32F4xx_HAL_Driver/Src/stm32f4xx_ll_usb.o
                0x00000000080057b8                USB_WritePacket
 .text.USB_ReadPacket
                0x0000000008005834       0xb0 ./Drivers/STM32F4xx_HAL_Driver/Src/stm32f4xx_ll_usb.o
                0x0000000008005834                USB_ReadPacket
 .text.USB_ReadInterrupts
                0x00000000080058e4       0x26 ./Drivers/STM32F4xx_HAL_Driver/Src/stm32f4xx_ll_usb.o
                0x00000000080058e4                USB_ReadInterrupts
 .text.USB_GetMode
                0x000000000800590a       0x1c ./Drivers/STM32F4xx_HAL_Driver/Src/stm32f4xx_ll_usb.o
                0x000000000800590a                USB_GetMode
 *fill*         0x0000000008005926        0x2 
 .text.USB_CoreReset
                0x0000000008005928       0x68 ./Drivers/STM32F4xx_HAL_Driver/Src/stm32f4xx_ll_usb.o
 .text.USB_HostInit
                0x0000000008005990      0x180 ./Drivers/STM32F4xx_HAL_Driver/Src/stm32f4xx_ll_usb.o
                0x0000000008005990                USB_HostInit
 .text.USB_InitFSLSPClkSel
                0x0000000008005b10       0x74 ./Drivers/STM32F4xx_HAL_Driver/Src/stm32f4xx_ll_usb.o
                0x0000000008005b10                USB_InitFSLSPClkSel
 .text.USB_ResetPort
                0x0000000008005b84       0x54 ./Drivers/STM32F4xx_HAL_Driver/Src/stm32f4xx_ll_usb.o
                0x0000000008005b84                USB_ResetPort
 .text.USB_DriveVbus
                0x0000000008005bd8       0x72 ./Drivers/STM32F4xx_HAL_Driver/Src/stm32f4xx_ll_usb.o
                0x0000000008005bd8                USB_DriveVbus
 .text.USB_GetHostSpeed
                0x0000000008005c4a       0x2e ./Drivers/STM32F4xx_HAL_Driver/Src/stm32f4xx_ll_usb.o
                0x0000000008005c4a                USB_GetHostSpeed
 .text.USB_GetCurrentFrame
                0x0000000008005c78       0x22 ./Drivers/STM32F4xx_HAL_Driver/Src/stm32f4xx_ll_usb.o
                0x0000000008005c78                USB_GetCurrentFrame
 *fill*         0x0000000008005c9a        0x2 
 .text.USB_HC_Init
                0x0000000008005c9c      0x244 ./Drivers/STM32F4xx_HAL_Driver/Src/stm32f4xx_ll_usb.o
                0x0000000008005c9c                USB_HC_Init
 .text.USB_HC_StartXfer
                0x0000000008005ee0      0x284 ./Drivers/STM32F4xx_HAL_Driver/Src/stm32f4xx_ll_usb.o
                0x0000000008005ee0                USB_HC_StartXfer
 .text.USB_HC_ReadInterrupt
                0x0000000008006164       0x22 ./Drivers/STM32F4xx_HAL_Driver/Src/stm32f4xx_ll_usb.o
                0x0000000008006164                USB_HC_ReadInterrupt
 .text.USB_HC_Halt
                0x0000000008006186      0x1f8 ./Drivers/STM32F4xx_HAL_Driver/Src/stm32f4xx_ll_usb.o
                0x0000000008006186                USB_HC_Halt
 *fill*         0x000000000800637e        0x2 
 .text.USB_DoPing
                0x0000000008006380       0x78 ./Drivers/STM32F4xx_HAL_Driver/Src/stm32f4xx_ll_usb.o
                0x0000000008006380                USB_DoPing
 .text.USB_StopHost
                0x00000000080063f8      0x124 ./Drivers/STM32F4xx_HAL_Driver/Src/stm32f4xx_ll_usb.o
                0x00000000080063f8                USB_StopHost
 .text.USBH_CDC_InterfaceInit
                0x000000000800651c      0x2ac ./Middlewares/ST/STM32_USB_Host_Library/Class/CDC/Src/usbh_cdc.o
 .text.USBH_CDC_InterfaceDeInit
                0x00000000080067c8       0xb2 ./Middlewares/ST/STM32_USB_Host_Library/Class/CDC/Src/usbh_cdc.o
 .text.USBH_CDC_ClassRequest
                0x000000000800687a       0x3e ./Middlewares/ST/STM32_USB_Host_Library/Class/CDC/Src/usbh_cdc.o
 .text.USBH_CDC_Process
                0x00000000080068b8      0x12c ./Middlewares/ST/STM32_USB_Host_Library/Class/CDC/Src/usbh_cdc.o
 .text.USBH_CDC_SOFProcess
                0x00000000080069e4       0x16 ./Middlewares/ST/STM32_USB_Host_Library/Class/CDC/Src/usbh_cdc.o
 .text.GetLineCoding
                0x00000000080069fa       0x3e ./Middlewares/ST/STM32_USB_Host_Library/Class/CDC/Src/usbh_cdc.o
 .text.SetLineCoding
                0x0000000008006a38       0x3e ./Middlewares/ST/STM32_USB_Host_Library/Class/CDC/Src/usbh_cdc.o
 .text.CDC_ProcessTransmission
                0x0000000008006a76       0xec ./Middlewares/ST/STM32_USB_Host_Library/Class/CDC/Src/usbh_cdc.o
 .text.CDC_ProcessReception
                0x0000000008006b62       0xb6 ./Middlewares/ST/STM32_USB_Host_Library/Class/CDC/Src/usbh_cdc.o
 .text.USBH_CDC_TransmitCallback
                0x0000000008006c18       0x14 ./Middlewares/ST/STM32_USB_Host_Library/Class/CDC/Src/usbh_cdc.o
                0x0000000008006c18                USBH_CDC_TransmitCallback
 .text.USBH_CDC_ReceiveCallback
                0x0000000008006c2c       0x14 ./Middlewares/ST/STM32_USB_Host_Library/Class/CDC/Src/usbh_cdc.o
                0x0000000008006c2c                USBH_CDC_ReceiveCallback
 .text.USBH_CDC_LineCodingChanged
                0x0000000008006c40       0x14 ./Middlewares/ST/STM32_USB_Host_Library/Class/CDC/Src/usbh_cdc.o
                0x0000000008006c40                USBH_CDC_LineCodingChanged
 .text.USBH_Init
                0x0000000008006c54       0x74 ./Middlewares/ST/STM32_USB_Host_Library/Core/Src/usbh_core.o
                0x0000000008006c54                USBH_Init
 .text.DeInitStateMachine
                0x0000000008006cc8       0xa8 ./Middlewares/ST/STM32_USB_Host_Library/Core/Src/usbh_core.o
 .text.USBH_RegisterClass
                0x0000000008006d70       0x54 ./Middlewares/ST/STM32_USB_Host_Library/Core/Src/usbh_core.o
                0x0000000008006d70                USBH_RegisterClass
 .text.USBH_SelectInterface
                0x0000000008006dc4       0x38 ./Middlewares/ST/STM32_USB_Host_Library/Core/Src/usbh_core.o
                0x0000000008006dc4                USBH_SelectInterface
 .text.USBH_FindInterface
                0x0000000008006dfc       0x8c ./Middlewares/ST/STM32_USB_Host_Library/Core/Src/usbh_core.o
                0x0000000008006dfc                USBH_FindInterface
 .text.USBH_Start
                0x0000000008006e88       0x20 ./Middlewares/ST/STM32_USB_Host_Library/Core/Src/usbh_core.o
                0x0000000008006e88                USBH_Start
 .text.USBH_Process
                0x0000000008006ea8      0x3d8 ./Middlewares/ST/STM32_USB_Host_Library/Core/Src/usbh_core.o
                0x0000000008006ea8                USBH_Process
 .text.USBH_HandleEnum
                0x0000000008007280      0x3c8 ./Middlewares/ST/STM32_USB_Host_Library/Core/Src/usbh_core.o
 .text.USBH_LL_SetTimer
                0x0000000008007648       0x1e ./Middlewares/ST/STM32_USB_Host_Library/Core/Src/usbh_core.o
                0x0000000008007648                USBH_LL_SetTimer
 .text.USBH_LL_IncTimer
                0x0000000008007666       0x24 ./Middlewares/ST/STM32_USB_Host_Library/Core/Src/usbh_core.o
                0x0000000008007666                USBH_LL_IncTimer
 .text.USBH_HandleSof
                0x000000000800768a       0x30 ./Middlewares/ST/STM32_USB_Host_Library/Core/Src/usbh_core.o
 .text.USBH_LL_PortEnabled
                0x00000000080076ba       0x1c ./Middlewares/ST/STM32_USB_Host_Library/Core/Src/usbh_core.o
                0x00000000080076ba                USBH_LL_PortEnabled
 .text.USBH_LL_PortDisabled
                0x00000000080076d6       0x1c ./Middlewares/ST/STM32_USB_Host_Library/Core/Src/usbh_core.o
                0x00000000080076d6                USBH_LL_PortDisabled
 .text.USBH_LL_Connect
                0x00000000080076f2       0x2e ./Middlewares/ST/STM32_USB_Host_Library/Core/Src/usbh_core.o
                0x00000000080076f2                USBH_LL_Connect
 .text.USBH_LL_Disconnect
                0x0000000008007720       0x48 ./Middlewares/ST/STM32_USB_Host_Library/Core/Src/usbh_core.o
                0x0000000008007720                USBH_LL_Disconnect
 .text.USBH_Get_DevDesc
                0x0000000008007768       0x50 ./Middlewares/ST/STM32_USB_Host_Library/Core/Src/usbh_ctlreq.o
                0x0000000008007768                USBH_Get_DevDesc
 .text.USBH_Get_CfgDesc
                0x00000000080077b8       0x48 ./Middlewares/ST/STM32_USB_Host_Library/Core/Src/usbh_ctlreq.o
                0x00000000080077b8                USBH_Get_CfgDesc
 .text.USBH_Get_StringDesc
                0x0000000008007800       0x56 ./Middlewares/ST/STM32_USB_Host_Library/Core/Src/usbh_ctlreq.o
                0x0000000008007800                USBH_Get_StringDesc
 .text.USBH_GetDescriptor
                0x0000000008007856       0x6a ./Middlewares/ST/STM32_USB_Host_Library/Core/Src/usbh_ctlreq.o
                0x0000000008007856                USBH_GetDescriptor
 .text.USBH_SetAddress
                0x00000000080078c0       0x48 ./Middlewares/ST/STM32_USB_Host_Library/Core/Src/usbh_ctlreq.o
                0x00000000080078c0                USBH_SetAddress
 .text.USBH_SetCfg
                0x0000000008007908       0x46 ./Middlewares/ST/STM32_USB_Host_Library/Core/Src/usbh_ctlreq.o
                0x0000000008007908                USBH_SetCfg
 .text.USBH_SetFeature
                0x000000000800794e       0x48 ./Middlewares/ST/STM32_USB_Host_Library/Core/Src/usbh_ctlreq.o
                0x000000000800794e                USBH_SetFeature
 .text.USBH_ClrFeature
                0x0000000008007996       0x48 ./Middlewares/ST/STM32_USB_Host_Library/Core/Src/usbh_ctlreq.o
                0x0000000008007996                USBH_ClrFeature
 .text.USBH_ParseDevDesc
                0x00000000080079de      0x122 ./Middlewares/ST/STM32_USB_Host_Library/Core/Src/usbh_ctlreq.o
 .text.USBH_ParseCfgDesc
                0x0000000008007b00      0x1ec ./Middlewares/ST/STM32_USB_Host_Library/Core/Src/usbh_ctlreq.o
 .text.USBH_ParseInterfaceDesc
                0x0000000008007cec       0x5e ./Middlewares/ST/STM32_USB_Host_Library/Core/Src/usbh_ctlreq.o
 .text.USBH_ParseEPDesc
                0x0000000008007d4a      0x14a ./Middlewares/ST/STM32_USB_Host_Library/Core/Src/usbh_ctlreq.o
 .text.USBH_ParseStringDesc
                0x0000000008007e94       0x66 ./Middlewares/ST/STM32_USB_Host_Library/Core/Src/usbh_ctlreq.o
 .text.USBH_GetNextDesc
                0x0000000008007efa       0x36 ./Middlewares/ST/STM32_USB_Host_Library/Core/Src/usbh_ctlreq.o
                0x0000000008007efa                USBH_GetNextDesc
 .text.USBH_CtlReq
                0x0000000008007f30       0x7a ./Middlewares/ST/STM32_USB_Host_Library/Core/Src/usbh_ctlreq.o
                0x0000000008007f30                USBH_CtlReq
 *fill*         0x0000000008007faa        0x2 
 .text.USBH_HandleControl
                0x0000000008007fac      0x2e8 ./Middlewares/ST/STM32_USB_Host_Library/Core/Src/usbh_ctlreq.o
 .text.USBH_CtlSendSetup
                0x0000000008008294       0x34 ./Middlewares/ST/STM32_USB_Host_Library/Core/Src/usbh_ioreq.o
                0x0000000008008294                USBH_CtlSendSetup
 .text.USBH_CtlSendData
                0x00000000080082c8       0x4a ./Middlewares/ST/STM32_USB_Host_Library/Core/Src/usbh_ioreq.o
                0x00000000080082c8                USBH_CtlSendData
 .text.USBH_CtlReceiveData
                0x0000000008008312       0x3c ./Middlewares/ST/STM32_USB_Host_Library/Core/Src/usbh_ioreq.o
                0x0000000008008312                USBH_CtlReceiveData
 .text.USBH_BulkSendData
                0x000000000800834e       0x4a ./Middlewares/ST/STM32_USB_Host_Library/Core/Src/usbh_ioreq.o
                0x000000000800834e                USBH_BulkSendData
 .text.USBH_BulkReceiveData
                0x0000000008008398       0x3c ./Middlewares/ST/STM32_USB_Host_Library/Core/Src/usbh_ioreq.o
                0x0000000008008398                USBH_BulkReceiveData
 .text.USBH_OpenPipe
                0x00000000080083d4       0x3e ./Middlewares/ST/STM32_USB_Host_Library/Core/Src/usbh_pipes.o
                0x00000000080083d4                USBH_OpenPipe
 .text.USBH_ClosePipe
                0x0000000008008412       0x20 ./Middlewares/ST/STM32_USB_Host_Library/Core/Src/usbh_pipes.o
                0x0000000008008412                USBH_ClosePipe
 .text.USBH_AllocPipe
                0x0000000008008432       0x42 ./Middlewares/ST/STM32_USB_Host_Library/Core/Src/usbh_pipes.o
                0x0000000008008432                USBH_AllocPipe
 .text.USBH_FreePipe
                0x0000000008008474       0x3c ./Middlewares/ST/STM32_USB_Host_Library/Core/Src/usbh_pipes.o
                0x0000000008008474                USBH_FreePipe
 .text.USBH_GetFreePipe
                0x00000000080084b0       0x48 ./Middlewares/ST/STM32_USB_Host_Library/Core/Src/usbh_pipes.o
 .text.MX_USB_HOST_Init
                0x00000000080084f8       0x4c ./USB_HOST/App/usb_host.o
                0x00000000080084f8                MX_USB_HOST_Init
 .text.MX_USB_HOST_Process
                0x0000000008008544       0x14 ./USB_HOST/App/usb_host.o
                0x0000000008008544                MX_USB_HOST_Process
 .text.USBH_UserProcess
                0x0000000008008558       0x5c ./USB_HOST/App/usb_host.o
 .text.HAL_HCD_MspInit
                0x00000000080085b4       0xc4 ./USB_HOST/Target/usbh_conf.o
                0x00000000080085b4                HAL_HCD_MspInit
 .text.HAL_HCD_SOF_Callback
                0x0000000008008678       0x1c ./USB_HOST/Target/usbh_conf.o
                0x0000000008008678                HAL_HCD_SOF_Callback
 .text.HAL_HCD_Connect_Callback
                0x0000000008008694       0x1c ./USB_HOST/Target/usbh_conf.o
                0x0000000008008694                HAL_HCD_Connect_Callback
 .text.HAL_HCD_Disconnect_Callback
                0x00000000080086b0       0x1c ./USB_HOST/Target/usbh_conf.o
                0x00000000080086b0                HAL_HCD_Disconnect_Callback
 .text.HAL_HCD_HC_NotifyURBChange_Callback
                0x00000000080086cc       0x1c ./USB_HOST/Target/usbh_conf.o
                0x00000000080086cc                HAL_HCD_HC_NotifyURBChange_Callback
 .text.HAL_HCD_PortEnabled_Callback
                0x00000000080086e8       0x1c ./USB_HOST/Target/usbh_conf.o
                0x00000000080086e8                HAL_HCD_PortEnabled_Callback
 .text.HAL_HCD_PortDisabled_Callback
                0x0000000008008704       0x1c ./USB_HOST/Target/usbh_conf.o
                0x0000000008008704                HAL_HCD_PortDisabled_Callback
 .text.USBH_LL_Init
                0x0000000008008720       0x78 ./USB_HOST/Target/usbh_conf.o
                0x0000000008008720                USBH_LL_Init
 .text.USBH_LL_Start
                0x0000000008008798       0x36 ./USB_HOST/Target/usbh_conf.o
                0x0000000008008798                USBH_LL_Start
 .text.USBH_LL_Stop
                0x00000000080087ce       0x36 ./USB_HOST/Target/usbh_conf.o
                0x00000000080087ce                USBH_LL_Stop
 .text.USBH_LL_GetSpeed
                0x0000000008008804       0x4e ./USB_HOST/Target/usbh_conf.o
                0x0000000008008804                USBH_LL_GetSpeed
 .text.USBH_LL_ResetPort
                0x0000000008008852       0x36 ./USB_HOST/Target/usbh_conf.o
                0x0000000008008852                USBH_LL_ResetPort
 .text.USBH_LL_GetLastXferSize
                0x0000000008008888       0x26 ./USB_HOST/Target/usbh_conf.o
                0x0000000008008888                USBH_LL_GetLastXferSize
 .text.USBH_LL_OpenPipe
                0x00000000080088ae       0x5e ./USB_HOST/Target/usbh_conf.o
                0x00000000080088ae                USBH_LL_OpenPipe
 .text.USBH_LL_ClosePipe
                0x000000000800890c       0x3e ./USB_HOST/Target/usbh_conf.o
                0x000000000800890c                USBH_LL_ClosePipe
 .text.USBH_LL_SubmitURB
                0x000000000800894a       0x62 ./USB_HOST/Target/usbh_conf.o
                0x000000000800894a                USBH_LL_SubmitURB
 .text.USBH_LL_GetURBState
                0x00000000080089ac       0x26 ./USB_HOST/Target/usbh_conf.o
                0x00000000080089ac                USBH_LL_GetURBState
 .text.USBH_LL_DriverVBUS
                0x00000000080089d2       0x2e ./USB_HOST/Target/usbh_conf.o
                0x00000000080089d2                USBH_LL_DriverVBUS
 .text.USBH_LL_SetToggle
                0x0000000008008a00       0x60 ./USB_HOST/Target/usbh_conf.o
                0x0000000008008a00                USBH_LL_SetToggle
 .text.USBH_Delay
                0x0000000008008a60       0x16 ./USB_HOST/Target/usbh_conf.o
                0x0000000008008a60                USBH_Delay
 *fill*         0x0000000008008a76        0x2 
 .text.USBH_Get_USB_Status
                0x0000000008008a78       0x58 ./USB_HOST/Target/usbh_conf.o
                0x0000000008008a78                USBH_Get_USB_Status
 .text.MX_DriverVbusFS
                0x0000000008008ad0       0x38 ./USB_HOST/Target/usbh_platform.o
                0x0000000008008ad0                MX_DriverVbusFS
 .text.__errno  0x0000000008008b08        0xc c:/st/stm32cubeide_1.10.1/stm32cubeide/plugins/com.st.stm32cube.ide.mcu.externaltools.gnu-tools-for-stm32.10.3-2021.10.win32_1.0.100.202210260954/tools/bin/../lib/gcc/arm-none-eabi/10.3.1/../../../../arm-none-eabi/lib/thumb/v7e-m+fp/hard\libc_nano.a(lib_a-errno.o)
                0x0000000008008b08                __errno
 .text.__libc_init_array
                0x0000000008008b14       0x48 c:/st/stm32cubeide_1.10.1/stm32cubeide/plugins/com.st.stm32cube.ide.mcu.externaltools.gnu-tools-for-stm32.10.3-2021.10.win32_1.0.100.202210260954/tools/bin/../lib/gcc/arm-none-eabi/10.3.1/../../../../arm-none-eabi/lib/thumb/v7e-m+fp/hard\libc_nano.a(lib_a-init.o)
                0x0000000008008b14                __libc_init_array
 .text.malloc   0x0000000008008b5c       0x10 c:/st/stm32cubeide_1.10.1/stm32cubeide/plugins/com.st.stm32cube.ide.mcu.externaltools.gnu-tools-for-stm32.10.3-2021.10.win32_1.0.100.202210260954/tools/bin/../lib/gcc/arm-none-eabi/10.3.1/../../../../arm-none-eabi/lib/thumb/v7e-m+fp/hard\libc_nano.a(lib_a-malloc.o)
                0x0000000008008b5c                malloc
 .text.free     0x0000000008008b6c       0x10 c:/st/stm32cubeide_1.10.1/stm32cubeide/plugins/com.st.stm32cube.ide.mcu.externaltools.gnu-tools-for-stm32.10.3-2021.10.win32_1.0.100.202210260954/tools/bin/../lib/gcc/arm-none-eabi/10.3.1/../../../../arm-none-eabi/lib/thumb/v7e-m+fp/hard\libc_nano.a(lib_a-malloc.o)
                0x0000000008008b6c                free
 .text.memset   0x0000000008008b7c       0x10 c:/st/stm32cubeide_1.10.1/stm32cubeide/plugins/com.st.stm32cube.ide.mcu.externaltools.gnu-tools-for-stm32.10.3-2021.10.win32_1.0.100.202210260954/tools/bin/../lib/gcc/arm-none-eabi/10.3.1/../../../../arm-none-eabi/lib/thumb/v7e-m+fp/hard\libc_nano.a(lib_a-memset.o)
                0x0000000008008b7c                memset
 .text._free_r  0x0000000008008b8c       0x98 c:/st/stm32cubeide_1.10.1/stm32cubeide/plugins/com.st.stm32cube.ide.mcu.externaltools.gnu-tools-for-stm32.10.3-2021.10.win32_1.0.100.202210260954/tools/bin/../lib/gcc/arm-none-eabi/10.3.1/../../../../arm-none-eabi/lib/thumb/v7e-m+fp/hard\libc_nano.a(lib_a-nano-freer.o)
                0x0000000008008b8c                _free_r
 .text.sbrk_aligned
                0x0000000008008c24       0x40 c:/st/stm32cubeide_1.10.1/stm32cubeide/plugins/com.st.stm32cube.ide.mcu.externaltools.gnu-tools-for-stm32.10.3-2021.10.win32_1.0.100.202210260954/tools/bin/../lib/gcc/arm-none-eabi/10.3.1/../../../../arm-none-eabi/lib/thumb/v7e-m+fp/hard\libc_nano.a(lib_a-nano-mallocr.o)
 .text._malloc_r
                0x0000000008008c64       0xe8 c:/st/stm32cubeide_1.10.1/stm32cubeide/plugins/com.st.stm32cube.ide.mcu.externaltools.gnu-tools-for-stm32.10.3-2021.10.win32_1.0.100.202210260954/tools/bin/../lib/gcc/arm-none-eabi/10.3.1/../../../../arm-none-eabi/lib/thumb/v7e-m+fp/hard\libc_nano.a(lib_a-nano-mallocr.o)
                0x0000000008008c64                _malloc_r
 .text._sbrk_r  0x0000000008008d4c       0x20 c:/st/stm32cubeide_1.10.1/stm32cubeide/plugins/com.st.stm32cube.ide.mcu.externaltools.gnu-tools-for-stm32.10.3-2021.10.win32_1.0.100.202210260954/tools/bin/../lib/gcc/arm-none-eabi/10.3.1/../../../../arm-none-eabi/lib/thumb/v7e-m+fp/hard\libc_nano.a(lib_a-sbrkr.o)
                0x0000000008008d4c                _sbrk_r
 .text.__malloc_lock
                0x0000000008008d6c        0xc c:/st/stm32cubeide_1.10.1/stm32cubeide/plugins/com.st.stm32cube.ide.mcu.externaltools.gnu-tools-for-stm32.10.3-2021.10.win32_1.0.100.202210260954/tools/bin/../lib/gcc/arm-none-eabi/10.3.1/../../../../arm-none-eabi/lib/thumb/v7e-m+fp/hard\libc_nano.a(lib_a-mlock.o)
                0x0000000008008d6c                __malloc_lock
 .text.__malloc_unlock
                0x0000000008008d78        0xc c:/st/stm32cubeide_1.10.1/stm32cubeide/plugins/com.st.stm32cube.ide.mcu.externaltools.gnu-tools-for-stm32.10.3-2021.10.win32_1.0.100.202210260954/tools/bin/../lib/gcc/arm-none-eabi/10.3.1/../../../../arm-none-eabi/lib/thumb/v7e-m+fp/hard\libc_nano.a(lib_a-mlock.o)
                0x0000000008008d78                __malloc_unlock
 .text.__retarget_lock_acquire_recursive
                0x0000000008008d84        0x2 c:/st/stm32cubeide_1.10.1/stm32cubeide/plugins/com.st.stm32cube.ide.mcu.externaltools.gnu-tools-for-stm32.10.3-2021.10.win32_1.0.100.202210260954/tools/bin/../lib/gcc/arm-none-eabi/10.3.1/../../../../arm-none-eabi/lib/thumb/v7e-m+fp/hard\libc_nano.a(lib_a-lock.o)
                0x0000000008008d84                __retarget_lock_acquire_recursive
 .text.__retarget_lock_release_recursive
                0x0000000008008d86        0x2 c:/st/stm32cubeide_1.10.1/stm32cubeide/plugins/com.st.stm32cube.ide.mcu.externaltools.gnu-tools-for-stm32.10.3-2021.10.win32_1.0.100.202210260954/tools/bin/../lib/gcc/arm-none-eabi/10.3.1/../../../../arm-none-eabi/lib/thumb/v7e-m+fp/hard\libc_nano.a(lib_a-lock.o)
                0x0000000008008d86                __retarget_lock_release_recursive
 *(.glue_7)
 .glue_7        0x0000000008008d88        0x0 linker stubs
 *(.glue_7t)
 .glue_7t       0x0000000008008d88        0x0 linker stubs
 *(.eh_frame)
 .eh_frame      0x0000000008008d88        0x0 c:/st/stm32cubeide_1.10.1/stm32cubeide/plugins/com.st.stm32cube.ide.mcu.externaltools.gnu-tools-for-stm32.10.3-2021.10.win32_1.0.100.202210260954/tools/bin/../lib/gcc/arm-none-eabi/10.3.1/thumb/v7e-m+fp/hard/crtbegin.o
 *(.init)
 .init          0x0000000008008d88        0x4 c:/st/stm32cubeide_1.10.1/stm32cubeide/plugins/com.st.stm32cube.ide.mcu.externaltools.gnu-tools-for-stm32.10.3-2021.10.win32_1.0.100.202210260954/tools/bin/../lib/gcc/arm-none-eabi/10.3.1/thumb/v7e-m+fp/hard/crti.o
                0x0000000008008d88                _init
 .init          0x0000000008008d8c        0x8 c:/st/stm32cubeide_1.10.1/stm32cubeide/plugins/com.st.stm32cube.ide.mcu.externaltools.gnu-tools-for-stm32.10.3-2021.10.win32_1.0.100.202210260954/tools/bin/../lib/gcc/arm-none-eabi/10.3.1/thumb/v7e-m+fp/hard/crtn.o
 *(.fini)
 .fini          0x0000000008008d94        0x4 c:/st/stm32cubeide_1.10.1/stm32cubeide/plugins/com.st.stm32cube.ide.mcu.externaltools.gnu-tools-for-stm32.10.3-2021.10.win32_1.0.100.202210260954/tools/bin/../lib/gcc/arm-none-eabi/10.3.1/thumb/v7e-m+fp/hard/crti.o
                0x0000000008008d94                _fini
 .fini          0x0000000008008d98        0x8 c:/st/stm32cubeide_1.10.1/stm32cubeide/plugins/com.st.stm32cube.ide.mcu.externaltools.gnu-tools-for-stm32.10.3-2021.10.win32_1.0.100.202210260954/tools/bin/../lib/gcc/arm-none-eabi/10.3.1/thumb/v7e-m+fp/hard/crtn.o
                0x0000000008008da0                . = ALIGN (0x4)
                0x0000000008008da0                _etext = .

.vfp11_veneer   0x0000000008008da0        0x0
 .vfp11_veneer  0x0000000008008da0        0x0 linker stubs

.v4_bx          0x0000000008008da0        0x0
 .v4_bx         0x0000000008008da0        0x0 linker stubs

.iplt           0x0000000008008da0        0x0
 .iplt          0x0000000008008da0        0x0 c:/st/stm32cubeide_1.10.1/stm32cubeide/plugins/com.st.stm32cube.ide.mcu.externaltools.gnu-tools-for-stm32.10.3-2021.10.win32_1.0.100.202210260954/tools/bin/../lib/gcc/arm-none-eabi/10.3.1/thumb/v7e-m+fp/hard/crtbegin.o

.rodata         0x0000000008008da0       0x1c
                0x0000000008008da0                . = ALIGN (0x4)
 *(.rodata)
 .rodata        0x0000000008008da0        0x4 ./Middlewares/ST/STM32_USB_Host_Library/Class/CDC/Src/usbh_cdc.o
 *(.rodata*)
 .rodata.AHBPrescTable
                0x0000000008008da4       0x10 ./Core/Src/system_stm32f4xx.o
                0x0000000008008da4                AHBPrescTable
 .rodata.APBPrescTable
                0x0000000008008db4        0x8 ./Core/Src/system_stm32f4xx.o
                0x0000000008008db4                APBPrescTable
                0x0000000008008dbc                . = ALIGN (0x4)

.ARM.extab      0x0000000008008dbc        0x0
                0x0000000008008dbc                . = ALIGN (0x4)
 *(.ARM.extab* .gnu.linkonce.armextab.*)
                0x0000000008008dbc                . = ALIGN (0x4)

.ARM            0x0000000008008dbc        0x8
                0x0000000008008dbc                . = ALIGN (0x4)
                0x0000000008008dbc                __exidx_start = .
 *(.ARM.exidx*)
 .ARM.exidx     0x0000000008008dbc        0x8 c:/st/stm32cubeide_1.10.1/stm32cubeide/plugins/com.st.stm32cube.ide.mcu.externaltools.gnu-tools-for-stm32.10.3-2021.10.win32_1.0.100.202210260954/tools/bin/../lib/gcc/arm-none-eabi/10.3.1/thumb/v7e-m+fp/hard\libgcc.a(_udivmoddi4.o)
                0x0000000008008dc4                __exidx_end = .
                0x0000000008008dc4                . = ALIGN (0x4)

.rel.dyn        0x0000000008008dc4        0x0
 .rel.iplt      0x0000000008008dc4        0x0 c:/st/stm32cubeide_1.10.1/stm32cubeide/plugins/com.st.stm32cube.ide.mcu.externaltools.gnu-tools-for-stm32.10.3-2021.10.win32_1.0.100.202210260954/tools/bin/../lib/gcc/arm-none-eabi/10.3.1/thumb/v7e-m+fp/hard/crtbegin.o

.preinit_array  0x0000000008008dc4        0x0
                0x0000000008008dc4                . = ALIGN (0x4)
                0x0000000008008dc4                PROVIDE (__preinit_array_start = .)
 *(.preinit_array*)
                0x0000000008008dc4                PROVIDE (__preinit_array_end = .)
                0x0000000008008dc4                . = ALIGN (0x4)

.init_array     0x0000000008008dc4        0x4
                0x0000000008008dc4                . = ALIGN (0x4)
                0x0000000008008dc4                PROVIDE (__init_array_start = .)
 *(SORT_BY_NAME(.init_array.*))
 *(.init_array*)
 .init_array    0x0000000008008dc4        0x4 c:/st/stm32cubeide_1.10.1/stm32cubeide/plugins/com.st.stm32cube.ide.mcu.externaltools.gnu-tools-for-stm32.10.3-2021.10.win32_1.0.100.202210260954/tools/bin/../lib/gcc/arm-none-eabi/10.3.1/thumb/v7e-m+fp/hard/crtbegin.o
                0x0000000008008dc8                PROVIDE (__init_array_end = .)
                0x0000000008008dc8                . = ALIGN (0x4)

.fini_array     0x0000000008008dc8        0x4
                0x0000000008008dc8                . = ALIGN (0x4)
                [!provide]                        PROVIDE (__fini_array_start = .)
 *(SORT_BY_NAME(.fini_array.*))
 *(.fini_array*)
 .fini_array    0x0000000008008dc8        0x4 c:/st/stm32cubeide_1.10.1/stm32cubeide/plugins/com.st.stm32cube.ide.mcu.externaltools.gnu-tools-for-stm32.10.3-2021.10.win32_1.0.100.202210260954/tools/bin/../lib/gcc/arm-none-eabi/10.3.1/thumb/v7e-m+fp/hard/crtbegin.o
                [!provide]                        PROVIDE (__fini_array_end = .)
                0x0000000008008dcc                . = ALIGN (0x4)
                0x0000000008008dcc                _sidata = LOADADDR (.data)

.data           0x0000000020000000       0x94 load address 0x0000000008008dcc
                0x0000000020000000                . = ALIGN (0x4)
                0x0000000020000000                _sdata = .
 *(.data)
 *(.data*)
 .data.a        0x0000000020000000        0x1 ./Core/Src/main.o
                0x0000000020000000                a
 *fill*         0x0000000020000001        0x3 
 .data.SystemCoreClock
                0x0000000020000004        0x4 ./Core/Src/system_stm32f4xx.o
                0x0000000020000004                SystemCoreClock
 .data.uwTickPrio
                0x0000000020000008        0x4 ./Drivers/STM32F4xx_HAL_Driver/Src/stm32f4xx_hal.o
                0x0000000020000008                uwTickPrio
 .data.uwTickFreq
                0x000000002000000c        0x1 ./Drivers/STM32F4xx_HAL_Driver/Src/stm32f4xx_hal.o
                0x000000002000000c                uwTickFreq
 *fill*         0x000000002000000d        0x3 
 .data.CDC_Class
                0x0000000020000010       0x20 ./Middlewares/ST/STM32_USB_Host_Library/Class/CDC/Src/usbh_cdc.o
                0x0000000020000010                CDC_Class
 .data._impure_ptr
                0x0000000020000030        0x4 c:/st/stm32cubeide_1.10.1/stm32cubeide/plugins/com.st.stm32cube.ide.mcu.externaltools.gnu-tools-for-stm32.10.3-2021.10.win32_1.0.100.202210260954/tools/bin/../lib/gcc/arm-none-eabi/10.3.1/../../../../arm-none-eabi/lib/thumb/v7e-m+fp/hard\libc_nano.a(lib_a-impure.o)
                0x0000000020000030                _impure_ptr
 .data.impure_data
                0x0000000020000034       0x60 c:/st/stm32cubeide_1.10.1/stm32cubeide/plugins/com.st.stm32cube.ide.mcu.externaltools.gnu-tools-for-stm32.10.3-2021.10.win32_1.0.100.202210260954/tools/bin/../lib/gcc/arm-none-eabi/10.3.1/../../../../arm-none-eabi/lib/thumb/v7e-m+fp/hard\libc_nano.a(lib_a-impure.o)
 *(.RamFunc)
 *(.RamFunc*)
                0x0000000020000094                . = ALIGN (0x4)
                0x0000000020000094                _edata = .
                0x0000000008008e60                _siccmram = LOADADDR (.ccmram)

.igot.plt       0x0000000020000094        0x0 load address 0x0000000008008e60
 .igot.plt      0x0000000020000094        0x0 c:/st/stm32cubeide_1.10.1/stm32cubeide/plugins/com.st.stm32cube.ide.mcu.externaltools.gnu-tools-for-stm32.10.3-2021.10.win32_1.0.100.202210260954/tools/bin/../lib/gcc/arm-none-eabi/10.3.1/thumb/v7e-m+fp/hard/crtbegin.o

.ccmram         0x0000000010000000        0x0 load address 0x0000000008008e60
                0x0000000010000000                . = ALIGN (0x4)
                0x0000000010000000                _sccmram = .
 *(.ccmram)
 *(.ccmram*)
                0x0000000010000000                . = ALIGN (0x4)
                0x0000000010000000                _eccmram = .
                0x0000000010000000                . = ALIGN (0x4)

.bss            0x0000000020000094      0x898
                0x0000000020000094                _sbss = .
                0x0000000020000094                __bss_start__ = _sbss
 *(.bss)
 .bss           0x0000000020000094       0x1c c:/st/stm32cubeide_1.10.1/stm32cubeide/plugins/com.st.stm32cube.ide.mcu.externaltools.gnu-tools-for-stm32.10.3-2021.10.win32_1.0.100.202210260954/tools/bin/../lib/gcc/arm-none-eabi/10.3.1/thumb/v7e-m+fp/hard/crtbegin.o
 *(.bss*)
 .bss.hi2c1     0x00000000200000b0       0x54 ./Core/Src/i2c.o
                0x00000000200000b0                hi2c1
 .bss.ccr       0x0000000020000104        0x2 ./Core/Src/main.o
                0x0000000020000104                ccr
 *fill*         0x0000000020000106        0x2 
 .bss.hspi1     0x0000000020000108       0x58 ./Core/Src/spi.o
                0x0000000020000108                hspi1
 .bss.__sbrk_heap_end
                0x0000000020000160        0x4 ./Core/Src/sysmem.o
 .bss.htim2     0x0000000020000164       0x48 ./Core/Src/tim.o
                0x0000000020000164                htim2
 .bss.htim4     0x00000000200001ac       0x48 ./Core/Src/tim.o
                0x00000000200001ac                htim4
 .bss.huart4    0x00000000200001f4       0x44 ./Core/Src/usart.o
                0x00000000200001f4                huart4
 .bss.uwTick    0x0000000020000238        0x4 ./Drivers/STM32F4xx_HAL_Driver/Src/stm32f4xx_hal.o
                0x0000000020000238                uwTick
 .bss.hUsbHostFS
                0x000000002000023c      0x3d8 ./USB_HOST/App/usb_host.o
                0x000000002000023c                hUsbHostFS
 .bss.Appli_state
                0x0000000020000614        0x1 ./USB_HOST/App/usb_host.o
                0x0000000020000614                Appli_state
 *fill*         0x0000000020000615        0x3 
 .bss.hhcd_USB_OTG_FS
                0x0000000020000618      0x304 ./USB_HOST/Target/usbh_conf.o
                0x0000000020000618                hhcd_USB_OTG_FS
 .bss.__malloc_free_list
                0x000000002000091c        0x4 c:/st/stm32cubeide_1.10.1/stm32cubeide/plugins/com.st.stm32cube.ide.mcu.externaltools.gnu-tools-for-stm32.10.3-2021.10.win32_1.0.100.202210260954/tools/bin/../lib/gcc/arm-none-eabi/10.3.1/../../../../arm-none-eabi/lib/thumb/v7e-m+fp/hard\libc_nano.a(lib_a-nano-mallocr.o)
                0x000000002000091c                __malloc_free_list
 .bss.__malloc_sbrk_start
                0x0000000020000920        0x4 c:/st/stm32cubeide_1.10.1/stm32cubeide/plugins/com.st.stm32cube.ide.mcu.externaltools.gnu-tools-for-stm32.10.3-2021.10.win32_1.0.100.202210260954/tools/bin/../lib/gcc/arm-none-eabi/10.3.1/../../../../arm-none-eabi/lib/thumb/v7e-m+fp/hard\libc_nano.a(lib_a-nano-mallocr.o)
                0x0000000020000920                __malloc_sbrk_start
 .bss.errno     0x0000000020000924        0x4 c:/st/stm32cubeide_1.10.1/stm32cubeide/plugins/com.st.stm32cube.ide.mcu.externaltools.gnu-tools-for-stm32.10.3-2021.10.win32_1.0.100.202210260954/tools/bin/../lib/gcc/arm-none-eabi/10.3.1/../../../../arm-none-eabi/lib/thumb/v7e-m+fp/hard\libc_nano.a(lib_a-reent.o)
                0x0000000020000924                errno
 .bss.__lock___malloc_recursive_mutex
                0x0000000020000928        0x1 c:/st/stm32cubeide_1.10.1/stm32cubeide/plugins/com.st.stm32cube.ide.mcu.externaltools.gnu-tools-for-stm32.10.3-2021.10.win32_1.0.100.202210260954/tools/bin/../lib/gcc/arm-none-eabi/10.3.1/../../../../arm-none-eabi/lib/thumb/v7e-m+fp/hard\libc_nano.a(lib_a-lock.o)
                0x0000000020000928                __lock___malloc_recursive_mutex
 *(COMMON)
                0x000000002000092c                . = ALIGN (0x4)
 *fill*         0x0000000020000929        0x3 
                0x000000002000092c                _ebss = .
                0x000000002000092c                __bss_end__ = _ebss

._user_heap_stack
                0x000000002000092c      0x604
                0x0000000020000930                . = ALIGN (0x8)
 *fill*         0x000000002000092c        0x4 
                [!provide]                        PROVIDE (end = .)
                0x0000000020000930                PROVIDE (_end = .)
                0x0000000020000b30                . = (. + _Min_Heap_Size)
 *fill*         0x0000000020000930      0x200 
                0x0000000020000f30                . = (. + _Min_Stack_Size)
 *fill*         0x0000000020000b30      0x400 
                0x0000000020000f30                . = ALIGN (0x8)

/DISCARD/
 libc.a(*)
 libm.a(*)
 libgcc.a(*)

.ARM.attributes
                0x0000000000000000       0x30
 *(.ARM.attributes)
 .ARM.attributes
                0x0000000000000000       0x1e c:/st/stm32cubeide_1.10.1/stm32cubeide/plugins/com.st.stm32cube.ide.mcu.externaltools.gnu-tools-for-stm32.10.3-2021.10.win32_1.0.100.202210260954/tools/bin/../lib/gcc/arm-none-eabi/10.3.1/thumb/v7e-m+fp/hard/crti.o
 .ARM.attributes
                0x000000000000001e       0x34 c:/st/stm32cubeide_1.10.1/stm32cubeide/plugins/com.st.stm32cube.ide.mcu.externaltools.gnu-tools-for-stm32.10.3-2021.10.win32_1.0.100.202210260954/tools/bin/../lib/gcc/arm-none-eabi/10.3.1/thumb/v7e-m+fp/hard/crtbegin.o
 .ARM.attributes
                0x0000000000000052       0x34 ./Core/Src/gpio.o
 .ARM.attributes
                0x0000000000000086       0x34 ./Core/Src/i2c.o
 .ARM.attributes
                0x00000000000000ba       0x34 ./Core/Src/main.o
 .ARM.attributes
                0x00000000000000ee       0x34 ./Core/Src/spi.o
 .ARM.attributes
                0x0000000000000122       0x34 ./Core/Src/stm32f4xx_hal_msp.o
 .ARM.attributes
                0x0000000000000156       0x34 ./Core/Src/stm32f4xx_it.o
 .ARM.attributes
                0x000000000000018a       0x34 ./Core/Src/sysmem.o
 .ARM.attributes
                0x00000000000001be       0x34 ./Core/Src/system_stm32f4xx.o
 .ARM.attributes
                0x00000000000001f2       0x34 ./Core/Src/tim.o
 .ARM.attributes
                0x0000000000000226       0x34 ./Core/Src/usart.o
 .ARM.attributes
                0x000000000000025a       0x21 ./Core/Startup/startup_stm32f407vgtx.o
 .ARM.attributes
                0x000000000000027b       0x34 ./Drivers/STM32F4xx_HAL_Driver/Src/stm32f4xx_hal.o
 .ARM.attributes
                0x00000000000002af       0x34 ./Drivers/STM32F4xx_HAL_Driver/Src/stm32f4xx_hal_cortex.o
 .ARM.attributes
                0x00000000000002e3       0x34 ./Drivers/STM32F4xx_HAL_Driver/Src/stm32f4xx_hal_gpio.o
 .ARM.attributes
                0x0000000000000317       0x34 ./Drivers/STM32F4xx_HAL_Driver/Src/stm32f4xx_hal_hcd.o
 .ARM.attributes
                0x000000000000034b       0x34 ./Drivers/STM32F4xx_HAL_Driver/Src/stm32f4xx_hal_i2c.o
 .ARM.attributes
                0x000000000000037f       0x34 ./Drivers/STM32F4xx_HAL_Driver/Src/stm32f4xx_hal_rcc.o
 .ARM.attributes
                0x00000000000003b3       0x34 ./Drivers/STM32F4xx_HAL_Driver/Src/stm32f4xx_hal_spi.o
 .ARM.attributes
                0x00000000000003e7       0x34 ./Drivers/STM32F4xx_HAL_Driver/Src/stm32f4xx_hal_tim.o
 .ARM.attributes
                0x000000000000041b       0x34 ./Drivers/STM32F4xx_HAL_Driver/Src/stm32f4xx_hal_tim_ex.o
 .ARM.attributes
                0x000000000000044f       0x34 ./Drivers/STM32F4xx_HAL_Driver/Src/stm32f4xx_hal_uart.o
 .ARM.attributes
                0x0000000000000483       0x34 ./Drivers/STM32F4xx_HAL_Driver/Src/stm32f4xx_ll_usb.o
 .ARM.attributes
                0x00000000000004b7       0x34 ./Middlewares/ST/STM32_USB_Host_Library/Class/CDC/Src/usbh_cdc.o
 .ARM.attributes
                0x00000000000004eb       0x34 ./Middlewares/ST/STM32_USB_Host_Library/Core/Src/usbh_core.o
 .ARM.attributes
                0x000000000000051f       0x34 ./Middlewares/ST/STM32_USB_Host_Library/Core/Src/usbh_ctlreq.o
 .ARM.attributes
                0x0000000000000553       0x34 ./Middlewares/ST/STM32_USB_Host_Library/Core/Src/usbh_ioreq.o
 .ARM.attributes
                0x0000000000000587       0x34 ./Middlewares/ST/STM32_USB_Host_Library/Core/Src/usbh_pipes.o
 .ARM.attributes
                0x00000000000005bb       0x34 ./USB_HOST/App/usb_host.o
 .ARM.attributes
                0x00000000000005ef       0x34 ./USB_HOST/Target/usbh_conf.o
 .ARM.attributes
                0x0000000000000623       0x34 ./USB_HOST/Target/usbh_platform.o
 .ARM.attributes
                0x0000000000000657       0x34 c:/st/stm32cubeide_1.10.1/stm32cubeide/plugins/com.st.stm32cube.ide.mcu.externaltools.gnu-tools-for-stm32.10.3-2021.10.win32_1.0.100.202210260954/tools/bin/../lib/gcc/arm-none-eabi/10.3.1/../../../../arm-none-eabi/lib/thumb/v7e-m+fp/hard\libc_nano.a(lib_a-errno.o)
 .ARM.attributes
                0x000000000000068b       0x34 c:/st/stm32cubeide_1.10.1/stm32cubeide/plugins/com.st.stm32cube.ide.mcu.externaltools.gnu-tools-for-stm32.10.3-2021.10.win32_1.0.100.202210260954/tools/bin/../lib/gcc/arm-none-eabi/10.3.1/../../../../arm-none-eabi/lib/thumb/v7e-m+fp/hard\libc_nano.a(lib_a-impure.o)
 .ARM.attributes
                0x00000000000006bf       0x34 c:/st/stm32cubeide_1.10.1/stm32cubeide/plugins/com.st.stm32cube.ide.mcu.externaltools.gnu-tools-for-stm32.10.3-2021.10.win32_1.0.100.202210260954/tools/bin/../lib/gcc/arm-none-eabi/10.3.1/../../../../arm-none-eabi/lib/thumb/v7e-m+fp/hard\libc_nano.a(lib_a-init.o)
 .ARM.attributes
                0x00000000000006f3       0x34 c:/st/stm32cubeide_1.10.1/stm32cubeide/plugins/com.st.stm32cube.ide.mcu.externaltools.gnu-tools-for-stm32.10.3-2021.10.win32_1.0.100.202210260954/tools/bin/../lib/gcc/arm-none-eabi/10.3.1/../../../../arm-none-eabi/lib/thumb/v7e-m+fp/hard\libc_nano.a(lib_a-malloc.o)
 .ARM.attributes
                0x0000000000000727       0x34 c:/st/stm32cubeide_1.10.1/stm32cubeide/plugins/com.st.stm32cube.ide.mcu.externaltools.gnu-tools-for-stm32.10.3-2021.10.win32_1.0.100.202210260954/tools/bin/../lib/gcc/arm-none-eabi/10.3.1/../../../../arm-none-eabi/lib/thumb/v7e-m+fp/hard\libc_nano.a(lib_a-memset.o)
 .ARM.attributes
                0x000000000000075b       0x34 c:/st/stm32cubeide_1.10.1/stm32cubeide/plugins/com.st.stm32cube.ide.mcu.externaltools.gnu-tools-for-stm32.10.3-2021.10.win32_1.0.100.202210260954/tools/bin/../lib/gcc/arm-none-eabi/10.3.1/../../../../arm-none-eabi/lib/thumb/v7e-m+fp/hard\libc_nano.a(lib_a-nano-freer.o)
 .ARM.attributes
                0x000000000000078f       0x34 c:/st/stm32cubeide_1.10.1/stm32cubeide/plugins/com.st.stm32cube.ide.mcu.externaltools.gnu-tools-for-stm32.10.3-2021.10.win32_1.0.100.202210260954/tools/bin/../lib/gcc/arm-none-eabi/10.3.1/../../../../arm-none-eabi/lib/thumb/v7e-m+fp/hard\libc_nano.a(lib_a-nano-mallocr.o)
 .ARM.attributes
                0x00000000000007c3       0x34 c:/st/stm32cubeide_1.10.1/stm32cubeide/plugins/com.st.stm32cube.ide.mcu.externaltools.gnu-tools-for-stm32.10.3-2021.10.win32_1.0.100.202210260954/tools/bin/../lib/gcc/arm-none-eabi/10.3.1/../../../../arm-none-eabi/lib/thumb/v7e-m+fp/hard\libc_nano.a(lib_a-sbrkr.o)
 .ARM.attributes
                0x00000000000007f7       0x34 c:/st/stm32cubeide_1.10.1/stm32cubeide/plugins/com.st.stm32cube.ide.mcu.externaltools.gnu-tools-for-stm32.10.3-2021.10.win32_1.0.100.202210260954/tools/bin/../lib/gcc/arm-none-eabi/10.3.1/../../../../arm-none-eabi/lib/thumb/v7e-m+fp/hard\libc_nano.a(lib_a-mlock.o)
 .ARM.attributes
                0x000000000000082b       0x34 c:/st/stm32cubeide_1.10.1/stm32cubeide/plugins/com.st.stm32cube.ide.mcu.externaltools.gnu-tools-for-stm32.10.3-2021.10.win32_1.0.100.202210260954/tools/bin/../lib/gcc/arm-none-eabi/10.3.1/../../../../arm-none-eabi/lib/thumb/v7e-m+fp/hard\libc_nano.a(lib_a-reent.o)
 .ARM.attributes
                0x000000000000085f       0x34 c:/st/stm32cubeide_1.10.1/stm32cubeide/plugins/com.st.stm32cube.ide.mcu.externaltools.gnu-tools-for-stm32.10.3-2021.10.win32_1.0.100.202210260954/tools/bin/../lib/gcc/arm-none-eabi/10.3.1/../../../../arm-none-eabi/lib/thumb/v7e-m+fp/hard\libc_nano.a(lib_a-lock.o)
 .ARM.attributes
                0x0000000000000893       0x1e c:/st/stm32cubeide_1.10.1/stm32cubeide/plugins/com.st.stm32cube.ide.mcu.externaltools.gnu-tools-for-stm32.10.3-2021.10.win32_1.0.100.202210260954/tools/bin/../lib/gcc/arm-none-eabi/10.3.1/thumb/v7e-m+fp/hard\libgcc.a(_aeabi_uldivmod.o)
 .ARM.attributes
                0x00000000000008b1       0x34 c:/st/stm32cubeide_1.10.1/stm32cubeide/plugins/com.st.stm32cube.ide.mcu.externaltools.gnu-tools-for-stm32.10.3-2021.10.win32_1.0.100.202210260954/tools/bin/../lib/gcc/arm-none-eabi/10.3.1/thumb/v7e-m+fp/hard\libgcc.a(_udivmoddi4.o)
 .ARM.attributes
                0x00000000000008e5       0x1e c:/st/stm32cubeide_1.10.1/stm32cubeide/plugins/com.st.stm32cube.ide.mcu.externaltools.gnu-tools-for-stm32.10.3-2021.10.win32_1.0.100.202210260954/tools/bin/../lib/gcc/arm-none-eabi/10.3.1/thumb/v7e-m+fp/hard\libgcc.a(_dvmd_tls.o)
 .ARM.attributes
                0x0000000000000903       0x1e c:/st/stm32cubeide_1.10.1/stm32cubeide/plugins/com.st.stm32cube.ide.mcu.externaltools.gnu-tools-for-stm32.10.3-2021.10.win32_1.0.100.202210260954/tools/bin/../lib/gcc/arm-none-eabi/10.3.1/thumb/v7e-m+fp/hard/crtn.o
OUTPUT(Discovery.elf elf32-littlearm)
LOAD linker stubs
LOAD c:/st/stm32cubeide_1.10.1/stm32cubeide/plugins/com.st.stm32cube.ide.mcu.externaltools.gnu-tools-for-stm32.10.3-2021.10.win32_1.0.100.202210260954/tools/bin/../lib/gcc/arm-none-eabi/10.3.1/../../../../arm-none-eabi/lib/thumb/v7e-m+fp/hard\libc.a
LOAD c:/st/stm32cubeide_1.10.1/stm32cubeide/plugins/com.st.stm32cube.ide.mcu.externaltools.gnu-tools-for-stm32.10.3-2021.10.win32_1.0.100.202210260954/tools/bin/../lib/gcc/arm-none-eabi/10.3.1/../../../../arm-none-eabi/lib/thumb/v7e-m+fp/hard\libm.a
LOAD c:/st/stm32cubeide_1.10.1/stm32cubeide/plugins/com.st.stm32cube.ide.mcu.externaltools.gnu-tools-for-stm32.10.3-2021.10.win32_1.0.100.202210260954/tools/bin/../lib/gcc/arm-none-eabi/10.3.1/thumb/v7e-m+fp/hard\libgcc.a

.debug_info     0x0000000000000000    0x1d59d
 .debug_info    0x0000000000000000      0x724 ./Core/Src/gpio.o
 .debug_info    0x0000000000000724      0xa0e ./Core/Src/i2c.o
 .debug_info    0x0000000000001132      0xf5b ./Core/Src/main.o
 .debug_info    0x000000000000208d      0x9eb ./Core/Src/spi.o
 .debug_info    0x0000000000002a78      0x2bb ./Core/Src/stm32f4xx_hal_msp.o
 .debug_info    0x0000000000002d33      0xc86 ./Core/Src/stm32f4xx_it.o
 .debug_info    0x00000000000039b9      0x171 ./Core/Src/sysmem.o
 .debug_info    0x0000000000003b2a      0x523 ./Core/Src/system_stm32f4xx.o
 .debug_info    0x000000000000404d      0xf27 ./Core/Src/tim.o
 .debug_info    0x0000000000004f74      0x9a0 ./Core/Src/usart.o
 .debug_info    0x0000000000005914       0x22 ./Core/Startup/startup_stm32f407vgtx.o
 .debug_info    0x0000000000005936      0x97c ./Drivers/STM32F4xx_HAL_Driver/Src/stm32f4xx_hal.o
 .debug_info    0x00000000000062b2      0xe1b ./Drivers/STM32F4xx_HAL_Driver/Src/stm32f4xx_hal_cortex.o
 .debug_info    0x00000000000070cd      0x76a ./Drivers/STM32F4xx_HAL_Driver/Src/stm32f4xx_hal_gpio.o
 .debug_info    0x0000000000007837     0x10c6 ./Drivers/STM32F4xx_HAL_Driver/Src/stm32f4xx_hal_hcd.o
 .debug_info    0x00000000000088fd     0x2609 ./Drivers/STM32F4xx_HAL_Driver/Src/stm32f4xx_hal_i2c.o
 .debug_info    0x000000000000af06      0x966 ./Drivers/STM32F4xx_HAL_Driver/Src/stm32f4xx_hal_rcc.o
 .debug_info    0x000000000000b86c     0x1758 ./Drivers/STM32F4xx_HAL_Driver/Src/stm32f4xx_hal_spi.o
 .debug_info    0x000000000000cfc4     0x2bbe ./Drivers/STM32F4xx_HAL_Driver/Src/stm32f4xx_hal_tim.o
 .debug_info    0x000000000000fb82     0x15e0 ./Drivers/STM32F4xx_HAL_Driver/Src/stm32f4xx_hal_tim_ex.o
 .debug_info    0x0000000000011162     0x31bc ./Drivers/STM32F4xx_HAL_Driver/Src/stm32f4xx_hal_uart.o
 .debug_info    0x000000000001431e     0x1a97 ./Drivers/STM32F4xx_HAL_Driver/Src/stm32f4xx_ll_usb.o
 .debug_info    0x0000000000015db5     0x150d ./Middlewares/ST/STM32_USB_Host_Library/Class/CDC/Src/usbh_cdc.o
 .debug_info    0x00000000000172c2     0x1065 ./Middlewares/ST/STM32_USB_Host_Library/Core/Src/usbh_core.o
 .debug_info    0x0000000000018327     0x1083 ./Middlewares/ST/STM32_USB_Host_Library/Core/Src/usbh_ctlreq.o
 .debug_info    0x00000000000193aa      0xcf6 ./Middlewares/ST/STM32_USB_Host_Library/Core/Src/usbh_ioreq.o
 .debug_info    0x000000000001a0a0      0xb34 ./Middlewares/ST/STM32_USB_Host_Library/Core/Src/usbh_pipes.o
 .debug_info    0x000000000001abd4      0xab3 ./USB_HOST/App/usb_host.o
 .debug_info    0x000000000001b687     0x1d2d ./USB_HOST/Target/usbh_conf.o
 .debug_info    0x000000000001d3b4      0x1e9 ./USB_HOST/Target/usbh_platform.o

.debug_abbrev   0x0000000000000000     0x406b
 .debug_abbrev  0x0000000000000000      0x164 ./Core/Src/gpio.o
 .debug_abbrev  0x0000000000000164      0x1e0 ./Core/Src/i2c.o
 .debug_abbrev  0x0000000000000344      0x253 ./Core/Src/main.o
 .debug_abbrev  0x0000000000000597      0x1e0 ./Core/Src/spi.o
 .debug_abbrev  0x0000000000000777       0xf0 ./Core/Src/stm32f4xx_hal_msp.o
 .debug_abbrev  0x0000000000000867      0x1ea ./Core/Src/stm32f4xx_it.o
 .debug_abbrev  0x0000000000000a51       0xbb ./Core/Src/sysmem.o
 .debug_abbrev  0x0000000000000b0c      0x116 ./Core/Src/system_stm32f4xx.o
 .debug_abbrev  0x0000000000000c22      0x211 ./Core/Src/tim.o
 .debug_abbrev  0x0000000000000e33      0x1e7 ./Core/Src/usart.o
 .debug_abbrev  0x000000000000101a       0x12 ./Core/Startup/startup_stm32f407vgtx.o
 .debug_abbrev  0x000000000000102c      0x20d ./Drivers/STM32F4xx_HAL_Driver/Src/stm32f4xx_hal.o
 .debug_abbrev  0x0000000000001239      0x316 ./Drivers/STM32F4xx_HAL_Driver/Src/stm32f4xx_hal_cortex.o
 .debug_abbrev  0x000000000000154f      0x1c4 ./Drivers/STM32F4xx_HAL_Driver/Src/stm32f4xx_hal_gpio.o
 .debug_abbrev  0x0000000000001713      0x27e ./Drivers/STM32F4xx_HAL_Driver/Src/stm32f4xx_hal_hcd.o
 .debug_abbrev  0x0000000000001991      0x297 ./Drivers/STM32F4xx_HAL_Driver/Src/stm32f4xx_hal_i2c.o
 .debug_abbrev  0x0000000000001c28      0x2aa ./Drivers/STM32F4xx_HAL_Driver/Src/stm32f4xx_hal_rcc.o
 .debug_abbrev  0x0000000000001ed2      0x26e ./Drivers/STM32F4xx_HAL_Driver/Src/stm32f4xx_hal_spi.o
 .debug_abbrev  0x0000000000002140      0x25d ./Drivers/STM32F4xx_HAL_Driver/Src/stm32f4xx_hal_tim.o
 .debug_abbrev  0x000000000000239d      0x265 ./Drivers/STM32F4xx_HAL_Driver/Src/stm32f4xx_hal_tim_ex.o
 .debug_abbrev  0x0000000000002602      0x2f4 ./Drivers/STM32F4xx_HAL_Driver/Src/stm32f4xx_hal_uart.o
 .debug_abbrev  0x00000000000028f6      0x296 ./Drivers/STM32F4xx_HAL_Driver/Src/stm32f4xx_ll_usb.o
 .debug_abbrev  0x0000000000002b8c      0x328 ./Middlewares/ST/STM32_USB_Host_Library/Class/CDC/Src/usbh_cdc.o
 .debug_abbrev  0x0000000000002eb4      0x317 ./Middlewares/ST/STM32_USB_Host_Library/Core/Src/usbh_core.o
 .debug_abbrev  0x00000000000031cb      0x2e6 ./Middlewares/ST/STM32_USB_Host_Library/Core/Src/usbh_ctlreq.o
 .debug_abbrev  0x00000000000034b1      0x232 ./Middlewares/ST/STM32_USB_Host_Library/Core/Src/usbh_ioreq.o
 .debug_abbrev  0x00000000000036e3      0x270 ./Middlewares/ST/STM32_USB_Host_Library/Core/Src/usbh_pipes.o
 .debug_abbrev  0x0000000000003953      0x25a ./USB_HOST/App/usb_host.o
 .debug_abbrev  0x0000000000003bad      0x3ac ./USB_HOST/Target/usbh_conf.o
 .debug_abbrev  0x0000000000003f59      0x112 ./USB_HOST/Target/usbh_platform.o

.debug_aranges  0x0000000000000000     0x1738
 .debug_aranges
                0x0000000000000000       0x20 ./Core/Src/gpio.o
 .debug_aranges
                0x0000000000000020       0x30 ./Core/Src/i2c.o
 .debug_aranges
                0x0000000000000050       0x40 ./Core/Src/main.o
 .debug_aranges
                0x0000000000000090       0x30 ./Core/Src/spi.o
 .debug_aranges
                0x00000000000000c0       0x20 ./Core/Src/stm32f4xx_hal_msp.o
 .debug_aranges
                0x00000000000000e0       0x80 ./Core/Src/stm32f4xx_it.o
 .debug_aranges
                0x0000000000000160       0x20 ./Core/Src/sysmem.o
 .debug_aranges
                0x0000000000000180       0x28 ./Core/Src/system_stm32f4xx.o
 .debug_aranges
                0x00000000000001a8       0x40 ./Core/Src/tim.o
 .debug_aranges
                0x00000000000001e8       0x30 ./Core/Src/usart.o
 .debug_aranges
                0x0000000000000218       0x28 ./Core/Startup/startup_stm32f407vgtx.o
 .debug_aranges
                0x0000000000000240       0xf0 ./Drivers/STM32F4xx_HAL_Driver/Src/stm32f4xx_hal.o
 .debug_aranges
                0x0000000000000330      0x118 ./Drivers/STM32F4xx_HAL_Driver/Src/stm32f4xx_hal_cortex.o
 .debug_aranges
                0x0000000000000448       0x58 ./Drivers/STM32F4xx_HAL_Driver/Src/stm32f4xx_hal_gpio.o
 .debug_aranges
                0x00000000000004a0       0xf8 ./Drivers/STM32F4xx_HAL_Driver/Src/stm32f4xx_hal_hcd.o
 .debug_aranges
                0x0000000000000598      0x2a0 ./Drivers/STM32F4xx_HAL_Driver/Src/stm32f4xx_hal_i2c.o
 .debug_aranges
                0x0000000000000838       0x88 ./Drivers/STM32F4xx_HAL_Driver/Src/stm32f4xx_hal_rcc.o
 .debug_aranges
                0x00000000000008c0      0x1d0 ./Drivers/STM32F4xx_HAL_Driver/Src/stm32f4xx_hal_spi.o
 .debug_aranges
                0x0000000000000a90      0x3d0 ./Drivers/STM32F4xx_HAL_Driver/Src/stm32f4xx_hal_tim.o
 .debug_aranges
                0x0000000000000e60      0x168 ./Drivers/STM32F4xx_HAL_Driver/Src/stm32f4xx_hal_tim_ex.o
 .debug_aranges
                0x0000000000000fc8      0x200 ./Drivers/STM32F4xx_HAL_Driver/Src/stm32f4xx_hal_uart.o
 .debug_aranges
                0x00000000000011c8      0x1a0 ./Drivers/STM32F4xx_HAL_Driver/Src/stm32f4xx_ll_usb.o
 .debug_aranges
                0x0000000000001368       0xa8 ./Middlewares/ST/STM32_USB_Host_Library/Class/CDC/Src/usbh_cdc.o
 .debug_aranges
                0x0000000000001410       0xc0 ./Middlewares/ST/STM32_USB_Host_Library/Core/Src/usbh_core.o
 .debug_aranges
                0x00000000000014d0       0xa0 ./Middlewares/ST/STM32_USB_Host_Library/Core/Src/usbh_ctlreq.o
 .debug_aranges
                0x0000000000001570       0x60 ./Middlewares/ST/STM32_USB_Host_Library/Core/Src/usbh_ioreq.o
 .debug_aranges
                0x00000000000015d0       0x40 ./Middlewares/ST/STM32_USB_Host_Library/Core/Src/usbh_pipes.o
 .debug_aranges
                0x0000000000001610       0x30 ./USB_HOST/App/usb_host.o
 .debug_aranges
                0x0000000000001640       0xd8 ./USB_HOST/Target/usbh_conf.o
 .debug_aranges
                0x0000000000001718       0x20 ./USB_HOST/Target/usbh_platform.o

.debug_ranges   0x0000000000000000     0x15a8
 .debug_ranges  0x0000000000000000       0x10 ./Core/Src/gpio.o
 .debug_ranges  0x0000000000000010       0x20 ./Core/Src/i2c.o
 .debug_ranges  0x0000000000000030       0x30 ./Core/Src/main.o
 .debug_ranges  0x0000000000000060       0x20 ./Core/Src/spi.o
 .debug_ranges  0x0000000000000080       0x10 ./Core/Src/stm32f4xx_hal_msp.o
 .debug_ranges  0x0000000000000090       0x70 ./Core/Src/stm32f4xx_it.o
 .debug_ranges  0x0000000000000100       0x10 ./Core/Src/sysmem.o
 .debug_ranges  0x0000000000000110       0x18 ./Core/Src/system_stm32f4xx.o
 .debug_ranges  0x0000000000000128       0x30 ./Core/Src/tim.o
 .debug_ranges  0x0000000000000158       0x20 ./Core/Src/usart.o
 .debug_ranges  0x0000000000000178       0x20 ./Core/Startup/startup_stm32f407vgtx.o
 .debug_ranges  0x0000000000000198       0xe0 ./Drivers/STM32F4xx_HAL_Driver/Src/stm32f4xx_hal.o
 .debug_ranges  0x0000000000000278      0x108 ./Drivers/STM32F4xx_HAL_Driver/Src/stm32f4xx_hal_cortex.o
 .debug_ranges  0x0000000000000380       0x48 ./Drivers/STM32F4xx_HAL_Driver/Src/stm32f4xx_hal_gpio.o
 .debug_ranges  0x00000000000003c8       0xe8 ./Drivers/STM32F4xx_HAL_Driver/Src/stm32f4xx_hal_hcd.o
 .debug_ranges  0x00000000000004b0      0x2a8 ./Drivers/STM32F4xx_HAL_Driver/Src/stm32f4xx_hal_i2c.o
 .debug_ranges  0x0000000000000758       0x78 ./Drivers/STM32F4xx_HAL_Driver/Src/stm32f4xx_hal_rcc.o
 .debug_ranges  0x00000000000007d0      0x1c0 ./Drivers/STM32F4xx_HAL_Driver/Src/stm32f4xx_hal_spi.o
 .debug_ranges  0x0000000000000990      0x3c0 ./Drivers/STM32F4xx_HAL_Driver/Src/stm32f4xx_hal_tim.o
 .debug_ranges  0x0000000000000d50      0x158 ./Drivers/STM32F4xx_HAL_Driver/Src/stm32f4xx_hal_tim_ex.o
 .debug_ranges  0x0000000000000ea8      0x220 ./Drivers/STM32F4xx_HAL_Driver/Src/stm32f4xx_hal_uart.o
 .debug_ranges  0x00000000000010c8      0x190 ./Drivers/STM32F4xx_HAL_Driver/Src/stm32f4xx_ll_usb.o
 .debug_ranges  0x0000000000001258       0x98 ./Middlewares/ST/STM32_USB_Host_Library/Class/CDC/Src/usbh_cdc.o
 .debug_ranges  0x00000000000012f0       0xb0 ./Middlewares/ST/STM32_USB_Host_Library/Core/Src/usbh_core.o
 .debug_ranges  0x00000000000013a0       0x90 ./Middlewares/ST/STM32_USB_Host_Library/Core/Src/usbh_ctlreq.o
 .debug_ranges  0x0000000000001430       0x50 ./Middlewares/ST/STM32_USB_Host_Library/Core/Src/usbh_ioreq.o
 .debug_ranges  0x0000000000001480       0x30 ./Middlewares/ST/STM32_USB_Host_Library/Core/Src/usbh_pipes.o
 .debug_ranges  0x00000000000014b0       0x20 ./USB_HOST/App/usb_host.o
 .debug_ranges  0x00000000000014d0       0xc8 ./USB_HOST/Target/usbh_conf.o
 .debug_ranges  0x0000000000001598       0x10 ./USB_HOST/Target/usbh_platform.o

.debug_macro    0x0000000000000000    0x24bb2
 .debug_macro   0x0000000000000000      0x224 ./Core/Src/gpio.o
 .debug_macro   0x0000000000000224      0xa78 ./Core/Src/gpio.o
 .debug_macro   0x0000000000000c9c      0x2ad ./Core/Src/gpio.o
 .debug_macro   0x0000000000000f49       0x2e ./Core/Src/gpio.o
 .debug_macro   0x0000000000000f77       0x2f ./Core/Src/gpio.o
 .debug_macro   0x0000000000000fa6       0x22 ./Core/Src/gpio.o
 .debug_macro   0x0000000000000fc8       0x8e ./Core/Src/gpio.o
 .debug_macro   0x0000000000001056       0x51 ./Core/Src/gpio.o
 .debug_macro   0x00000000000010a7      0x103 ./Core/Src/gpio.o
 .debug_macro   0x00000000000011aa       0x6a ./Core/Src/gpio.o
 .debug_macro   0x0000000000001214      0x1df ./Core/Src/gpio.o
 .debug_macro   0x00000000000013f3       0x1c ./Core/Src/gpio.o
 .debug_macro   0x000000000000140f       0x22 ./Core/Src/gpio.o
 .debug_macro   0x0000000000001431       0xd9 ./Core/Src/gpio.o
 .debug_macro   0x000000000000150a     0x102d ./Core/Src/gpio.o
 .debug_macro   0x0000000000002537      0x11f ./Core/Src/gpio.o
 .debug_macro   0x0000000000002656    0x15e82 ./Core/Src/gpio.o
 .debug_macro   0x00000000000184d8       0x6d ./Core/Src/gpio.o
 .debug_macro   0x0000000000018545     0x367e ./Core/Src/gpio.o
 .debug_macro   0x000000000001bbc3      0x174 ./Core/Src/gpio.o
 .debug_macro   0x000000000001bd37       0x5c ./Core/Src/gpio.o
 .debug_macro   0x000000000001bd93      0x96b ./Core/Src/gpio.o
 .debug_macro   0x000000000001c6fe      0x9fe ./Core/Src/gpio.o
 .debug_macro   0x000000000001d0fc      0x115 ./Core/Src/gpio.o
 .debug_macro   0x000000000001d211      0x13e ./Core/Src/gpio.o
 .debug_macro   0x000000000001d34f       0xa5 ./Core/Src/gpio.o
 .debug_macro   0x000000000001d3f4      0x174 ./Core/Src/gpio.o
 .debug_macro   0x000000000001d568      0x287 ./Core/Src/gpio.o
 .debug_macro   0x000000000001d7ef       0x5f ./Core/Src/gpio.o
 .debug_macro   0x000000000001d84e      0x236 ./Core/Src/gpio.o
 .debug_macro   0x000000000001da84      0x12c ./Core/Src/gpio.o
 .debug_macro   0x000000000001dbb0      0x21e ./Core/Src/gpio.o
 .debug_macro   0x000000000001ddce       0x2e ./Core/Src/gpio.o
 .debug_macro   0x000000000001ddfc      0x1b5 ./Core/Src/gpio.o
 .debug_macro   0x000000000001dfb1       0xd6 ./Core/Src/gpio.o
 .debug_macro   0x000000000001e087      0x11a ./Core/Src/gpio.o
 .debug_macro   0x000000000001e1a1       0x7e ./Core/Src/gpio.o
 .debug_macro   0x000000000001e21f       0x89 ./Core/Src/gpio.o
 .debug_macro   0x000000000001e2a8      0x225 ./Core/Src/gpio.o
 .debug_macro   0x000000000001e4cd      0x8e6 ./Core/Src/gpio.o
 .debug_macro   0x000000000001edb3       0x47 ./Core/Src/gpio.o
 .debug_macro   0x000000000001edfa      0x295 ./Core/Src/gpio.o
 .debug_macro   0x000000000001f08f      0x248 ./Core/Src/gpio.o
 .debug_macro   0x000000000001f2d7       0x7c ./Core/Src/gpio.o
 .debug_macro   0x000000000001f353      0x12d ./Core/Src/gpio.o
 .debug_macro   0x000000000001f480      0x17e ./Core/Src/gpio.o
 .debug_macro   0x000000000001f5fe      0x224 ./Core/Src/i2c.o
 .debug_macro   0x000000000001f822      0x263 ./Core/Src/main.o
 .debug_macro   0x000000000001fa85       0x4c ./Core/Src/main.o
 .debug_macro   0x000000000001fad1      0x224 ./Core/Src/spi.o
 .debug_macro   0x000000000001fcf5      0x21a ./Core/Src/stm32f4xx_hal_msp.o
 .debug_macro   0x000000000001ff0f      0x224 ./Core/Src/stm32f4xx_it.o
 .debug_macro   0x0000000000020133       0xff ./Core/Src/sysmem.o
 .debug_macro   0x0000000000020232      0x23b ./Core/Src/sysmem.o
 .debug_macro   0x000000000002046d      0x20b ./Core/Src/system_stm32f4xx.o
 .debug_macro   0x0000000000020678      0x224 ./Core/Src/tim.o
 .debug_macro   0x000000000002089c      0x224 ./Core/Src/usart.o
 .debug_macro   0x0000000000020ac0      0x26b ./Drivers/STM32F4xx_HAL_Driver/Src/stm32f4xx_hal.o
 .debug_macro   0x0000000000020d2b      0x20b ./Drivers/STM32F4xx_HAL_Driver/Src/stm32f4xx_hal_cortex.o
 .debug_macro   0x0000000000020f36      0x211 ./Drivers/STM32F4xx_HAL_Driver/Src/stm32f4xx_hal_gpio.o
 .debug_macro   0x0000000000021147      0x20b ./Drivers/STM32F4xx_HAL_Driver/Src/stm32f4xx_hal_hcd.o
 .debug_macro   0x0000000000021352      0x252 ./Drivers/STM32F4xx_HAL_Driver/Src/stm32f4xx_hal_i2c.o
 .debug_macro   0x00000000000215a4      0x22f ./Drivers/STM32F4xx_HAL_Driver/Src/stm32f4xx_hal_rcc.o
 .debug_macro   0x00000000000217d3      0x21a ./Drivers/STM32F4xx_HAL_Driver/Src/stm32f4xx_hal_spi.o
 .debug_macro   0x00000000000219ed      0x20c ./Drivers/STM32F4xx_HAL_Driver/Src/stm32f4xx_hal_tim.o
 .debug_macro   0x0000000000021bf9      0x20b ./Drivers/STM32F4xx_HAL_Driver/Src/stm32f4xx_hal_tim_ex.o
 .debug_macro   0x0000000000021e04      0x20c ./Drivers/STM32F4xx_HAL_Driver/Src/stm32f4xx_hal_uart.o
 .debug_macro   0x0000000000022010      0x20b ./Drivers/STM32F4xx_HAL_Driver/Src/stm32f4xx_ll_usb.o
 .debug_macro   0x000000000002221b      0x439 ./Middlewares/ST/STM32_USB_Host_Library/Class/CDC/Src/usbh_cdc.o
 .debug_macro   0x0000000000022654       0x16 ./Middlewares/ST/STM32_USB_Host_Library/Class/CDC/Src/usbh_cdc.o
 .debug_macro   0x000000000002266a       0x97 ./Middlewares/ST/STM32_USB_Host_Library/Class/CDC/Src/usbh_cdc.o
 .debug_macro   0x0000000000022701       0xfd ./Middlewares/ST/STM32_USB_Host_Library/Class/CDC/Src/usbh_cdc.o
 .debug_macro   0x00000000000227fe       0x16 ./Middlewares/ST/STM32_USB_Host_Library/Class/CDC/Src/usbh_cdc.o